ASxxxx Linker V03.00/V05.40 + sdld,  page 1.
Hexadecimal  [32-Bits]

Area                                    Addr        Size        Decimal Bytes (Attributes)
--------------------------------        ----        ----        ------- ----- ------------
.  .ABS.                            00000000    00000000 =           0. bytes (ABS,CON)

      Value  Global                              Global Defined In Module
      -----  --------------------------------   ------------------------
     00000000  .__.ABS.                           
     00000000  __start_save                    
     00000000  _rMBC7_SRAM_ENABLE_1               
     00000000  _rRAMG                             
     00000000  l__BASE                         
     00000000  l__BSS                          
     00000000  l__CABS                         
     00000000  l__CODE_0                       
     00000000  l__CODE_255                     
     00000000  l__CRASH_HEADER                 
     00000000  l__CRASH_SCRATCH                
     00000000  l__DABS                         
     00000000  l__HEADER                       
     00000000  l__HEADER_LCD                   
     00000000  l__HEADER_SIO                   
     00000000  l__HEADER_TIMER                 
     00000000  l__HEAP                         
     00000000  l__HEAP_END                     
     00000000  l__LIT                          
     00000000  s__CABS                         
     00000000  s__CRASH_HEADER                 
     00000000  s__CRASH_HEADER0                
     00000000  s__CRASH_HEADER1                
     00000000  s__CRASH_SCRATCH                
     00000000  s__CRASH_SCRATCH2               
     00000000  s__DABS                         
     00000000  s__HEADER                       
     00000000  s__HEADER0                      
     00000000  s__HEADER1                      
     00000000  s__HEADER10                     
     00000000  s__HEADER11                     
     00000000  s__HEADER2                      
     00000000  s__HEADER3                      
     00000000  s__HEADER4                      
     00000000  s__HEADER5                      
     00000000  s__HEADER6                      
     00000000  s__HEADER7                      
     00000000  s__HEADER8                      
     00000000  s__HEADER9                      
     00000000  s__HEADER_LCD                   
     00000000  s__HEADER_LCD0                  
     00000000  s__HEADER_SIO                   
     00000000  s__HEADER_SIO0                  
     00000000  s__HEADER_TIMER                 
     00000000  s__HEADER_TIMER0                
     00000000  s__HEADERa                      
     00000000  s__HEADERb                      
     00000000  s__HEADERc                      
     00000000  s__HEADERd                      
     00000000  s__HEADERe                      
ASxxxx Linker V03.00/V05.40 + sdld,  page 2.
Hexadecimal  [32-Bits]

Area                                    Addr        Size        Decimal Bytes (Attributes)
--------------------------------        ----        ----        ------- ----- ------------
.  .ABS.                            00000000    00000000 =           0. bytes (ABS,CON)

      Value  Global                              Global Defined In Module
      -----  --------------------------------   ------------------------
     00000000  s__HEADERf                      
     00000001  ___bank_VM_ACTOR                   vm_actor
     00000001  ___bank_bg_iceos_login_copy__til   bg_iceos_login_copy__tileset
     00000001  ___bank_scene_46_init              scene_46_init
     00000001  ___bank_script_input_6             script_input_6
     00000001  b_ui_draw_frame                    ui
     00000001  b_ui_draw_text_buffer_char         ui
     00000001  b_ui_init                          ui
     00000001  b_ui_load_tiles                    ui
     00000001  b_ui_run_menu                      ui
     00000001  b_ui_run_modal                     ui
     00000001  b_ui_set_start_tile                ui
     00000001  b_ui_update                        ui
     00000001  b_vm_actor_activate                vm_actor
     00000001  b_vm_actor_begin_update            vm_actor
     00000001  b_vm_actor_deactivate              vm_actor
     00000001  b_vm_actor_emote                   vm_actor
     00000001  b_vm_actor_get_angle               vm_actor
     00000001  b_vm_actor_get_anim_frame          vm_actor
     00000001  b_vm_actor_get_dir                 vm_actor
     00000001  b_vm_actor_get_pos                 vm_actor
     00000001  b_vm_actor_move_cancel             vm_actor
     00000001  b_vm_actor_move_to                 vm_actor
     00000001  b_vm_actor_move_to_init            vm_actor
     00000001  b_vm_actor_move_to_set_dir_x       vm_actor
     00000001  b_vm_actor_move_to_set_dir_y       vm_actor
     00000001  b_vm_actor_move_to_x               vm_actor
     00000001  b_vm_actor_move_to_xy              vm_actor
     00000001  b_vm_actor_move_to_y               vm_actor
     00000001  b_vm_actor_replace_tile            vm_actor
     00000001  b_vm_actor_set_anim                vm_actor
     00000001  b_vm_actor_set_anim_frame          vm_actor
     00000001  b_vm_actor_set_anim_moving         vm_actor
     00000001  b_vm_actor_set_anim_set            vm_actor
     00000001  b_vm_actor_set_anim_tick           vm_actor
     00000001  b_vm_actor_set_bounds              vm_actor
     00000001  b_vm_actor_set_dir                 vm_actor
     00000001  b_vm_actor_set_flags               vm_actor
     00000001  b_vm_actor_set_move_speed          vm_actor
     00000001  b_vm_actor_set_pos                 vm_actor
     00000001  b_vm_actor_set_spritesheet         vm_actor
     00000001  b_vm_actor_set_spritesheet_by_re   vm_actor
     00000001  b_vm_actor_terminate_update        vm_actor
     00000001  l__GSFINAL                      
     00000001  l__HEADER0                      
     00000001  l__HEADER5                      
     00000001  l__HEADERa                      
     00000001  l__HEADERb                      
     00000001  l__HEADERc                      
     00000001  l__HEADERe                      
     00000001  l__HEADERf                      
ASxxxx Linker V03.00/V05.40 + sdld,  page 3.
Hexadecimal  [32-Bits]

Area                                    Addr        Size        Decimal Bytes (Attributes)
--------------------------------        ----        ----        ------- ----- ------------
.  .ABS.                            00000000    00000000 =           0. bytes (ABS,CON)

      Value  Global                              Global Defined In Module
      -----  --------------------------------   ------------------------
     00000002  ___bank_bg_area_dhilly_city_lair   bg_area_dhilly_city_lair_la_
     00000002  ___bank_bg_controls_gb_copy__til   bg_controls_gb_copy__tileset
     00000002  ___bank_bg_lencityopen_tilemap_a   bg_lencityopen_tilemap_attr
     00000002  ___bank_scene_18_sprites           scene_18_sprites
     00000002  l__HEADER10                     
     00000002  l__HEADER6                      
     00000002  l__HEADERd                      
     00000003  ___bank_bg_area_dhilly_city_lair   bg_area_dhilly_city_lair_la_
     00000003  ___bank_bg_controls_gba_copy__ti   bg_controls_gba_copy__tilese
     00000003  ___bank_bg_lencityopen_tilemap     bg_lencityopen_tilemap
     00000003  ___bank_scene_93_sprites           scene_93_sprites
     00000003  l__HEADER9                      
     00000003  l__HEADER_LCD0                  
     00000004  ___bank_bg_controls_gba_copy_0_t   bg_controls_gba_copy_0_tiles
     00000004  ___bank_scene_18_collisions        scene_18_collisions
     00000004  ___bank_scene_65_collisions        scene_65_collisions
     00000004  ___bank_scene_94_sprites           scene_94_sprites
     00000004  l__CRASH_HEADER1                
     00000004  l__HEADER_SIO0                  
     00000004  l__HEADER_TIMER0                
     00000005  ___bank_bg_controls_gbc_copy__ti   bg_controls_gbc_copy__tilese
     00000005  ___bank_bg_init_copy_1_tileset     bg_init_copy_1_tileset
     00000005  ___bank_scene_34_collisions        scene_34_collisions
     00000005  ___bank_scene_34_init              scene_34_init
     00000005  l__CRASH_HEADER0                
     00000005  l__HEADER1                      
     00000006  ___bank_bg_controls_mobile_copy_   bg_controls_mobile_copy__til
     00000006  ___bank_bg_lencityopen_copy__til   bg_lencityopen_copy__tileset
     00000006  ___bank_scene_46_projectiles       scene_46_projectiles
     00000006  ___bank_scene_58_collisions        scene_58_collisions
     00000006  l__HEADER8                      
     00000007  ___bank_VM_MATH                    vm_math
     00000007  ___bank_bg_controls_mobile_copy_   bg_controls_mobile_copy_0_ti
     00000007  ___bank_scene_0_triggers           scene_0_triggers
     00000007  ___bank_scene_101_sprites          scene_101_sprites
     00000007  ___bank_scene_62_collisions        scene_62_collisions
     00000007  b_vm_cos_scale                     vm_math
     00000007  b_vm_sin_scale                     vm_math
     00000007  l__HEADER2                      
     00000008  ___bank_VM_CAMERA                  vm_camera
     00000008  ___bank_bg_options_copy__tileset   bg_options_copy__tileset
     00000008  ___bank_song_newmegalovania_Data   song_newmegalovania_Data
     00000008  b_camera_shake_frames              vm_camera
     00000008  b_vm_camera_move_to                vm_camera
     00000008  b_vm_camera_set_pos                vm_camera
     00000008  l__HEADER3                      
     00000009  ___bank_bg_title_tileset           bg_title_tileset
     00000009  ___bank_scene_39_sprites           scene_39_sprites
     00000009  ___bank_scene_61_init              scene_61_init
     00000009  b_plat_callback_attach             platform
     00000009  b_plat_callback_detach             platform
ASxxxx Linker V03.00/V05.40 + sdld,  page 4.
Hexadecimal  [32-Bits]

Area                                    Addr        Size        Decimal Bytes (Attributes)
--------------------------------        ----        ----        ------- ----- ------------
.  .ABS.                            00000000    00000000 =           0. bytes (ABS,CON)

      Value  Global                              Global Defined In Module
      -----  --------------------------------   ------------------------
     00000009  b_platform_init                    platform
     00000009  b_platform_update                  platform
     0000000A  ___bank_SGB_border_chr             border
     0000000A  ___bank_SGB_border_map             border
     0000000A  ___bank_SGB_border_pal             border
     0000000A  ___bank_VM_MAIN                    vm
     0000000A  ___bank_bg_shillycityopen_copy_1   bg_shillycityopen_copy_1_til
     0000000A  ___bank_spritesheet_none           spritesheet_none
     0000000A  b_script_detach_hthread            vm
     0000000A  b_script_execute                   vm
     0000000A  b_script_runner_init               vm
     0000000A  b_script_terminate                 vm
     0000000A  b_vm_call                          vm
     0000000A  b_vm_call_far                      vm
     0000000A  b_vm_get_indirect                  vm
     0000000A  b_vm_get_tlocal                    vm
     0000000A  b_vm_idle                          vm
     0000000A  b_vm_if                            vm
     0000000A  b_vm_if_const                      vm
     0000000A  b_vm_init_rng                      vm
     0000000A  b_vm_invoke                        vm
     0000000A  b_vm_join                          vm
     0000000A  b_vm_jump                          vm
     0000000A  b_vm_lock                          vm
     0000000A  b_vm_loop                          vm
     0000000A  b_vm_memcpy                        vm
     0000000A  b_vm_memset                        vm
     0000000A  b_vm_poll_loaded                   vm
     0000000A  b_vm_pop                           vm
     0000000A  b_vm_push                          vm
     0000000A  b_vm_push_reference                vm
     0000000A  b_vm_push_value                    vm
     0000000A  b_vm_push_value_ind                vm
     0000000A  b_vm_raise                         vm
     0000000A  b_vm_rand                          vm
     0000000A  b_vm_rate_limit_const              vm
     0000000A  b_vm_reserve                       vm
     0000000A  b_vm_ret                           vm
     0000000A  b_vm_ret_far                       vm
     0000000A  b_vm_set                           vm
     0000000A  b_vm_set_const                     vm
     0000000A  b_vm_set_indirect                  vm
     0000000A  b_vm_terminate                     vm
     0000000A  b_vm_test_terminate                vm
     0000000A  b_vm_unlock                        vm
     0000000A  b_wait_frames                      vm
     0000000B  ___bank_bg_lencityopen_copy_0_ti   bg_lencityopen_copy_0_tilema
     0000000B  ___bank_bg_shillycityopen_copy_1   bg_shillycityopen_copy_1_til
     0000000B  ___bank_bg_ui_screens_title_copy   bg_ui_screens_title_copy__ti
     0000000B  ___bank_scene_99_collisions        scene_99_collisions
     0000000B  b_camera_init                      camera
ASxxxx Linker V03.00/V05.40 + sdld,  page 5.
Hexadecimal  [32-Bits]

Area                                    Addr        Size        Decimal Bytes (Attributes)
--------------------------------        ----        ----        ------- ----- ------------
.  .ABS.                            00000000    00000000 =           0. bytes (ABS,CON)

      Value  Global                              Global Defined In Module
      -----  --------------------------------   ------------------------
     0000000B  b_camera_update                    camera
     0000000C  ___bank_ACTOR                      actor
     0000000C  ___bank_bg_lencityopen_copy_0_ti   bg_lencityopen_copy_0_tilema
     0000000C  ___bank_bg_pixil_frame_0_30_tile   bg_pixil_frame_0_30_tileset
     0000000C  ___bank_font_gbs_variable_width    font_gbs_variable_width
     0000000C  ___bank_scene_52_collisions        scene_52_collisions
     0000000C  ___bank_scene_53_collisions        scene_53_collisions
     0000000C  b_activate_actor                   actor
     0000000C  b_activate_actors_in_col           actor
     0000000C  b_activate_actors_in_row           actor
     0000000C  b_activate_persistent_actors       actor
     0000000C  b_actor_at_tile                    actor
     0000000C  b_actor_get_frame_offset           actor
     0000000C  b_actor_in_front_of_player         actor
     0000000C  b_actor_overlapping_bb             actor
     0000000C  b_actor_overlapping_bb_inc_nocli   actor
     0000000C  b_actor_overlapping_player_from    actor
     0000000C  b_actor_set_anim_moving            actor
     0000000C  b_actor_set_dir                    actor
     0000000C  b_actor_set_frame_offset           actor
     0000000C  b_actor_with_script_in_front_of_   actor
     0000000C  b_actors_handle_player_collision   actor
     0000000C  b_actors_init                      actor
     0000000C  b_actors_update                    actor
     0000000C  b_deactivate_actor                 actor
     0000000C  b_player_init                      actor
     0000000D  ___bank_actor_16_interact          actor_16_interact
     0000000D  ___bank_bg_pixil_frame_0_31_tile   bg_pixil_frame_0_31_tilemap
     0000000D  ___bank_bg_pixil_frame_0_31_tile   bg_pixil_frame_0_31_tilemap_
     0000000D  ___bank_bg_placeholder_copy_copy   bg_placeholder_copy_copy_co_
     0000000D  ___bank_bg_placeholder_copy_copy   bg_placeholder_copy_copy_co_
     0000000D  ___bank_scene_31_collisions        scene_31_collisions
     0000000D  b_do_load_palette                  data_manager
     0000000D  b_load_background                  data_manager
     0000000D  b_load_bkg_tileset                 data_manager
     0000000D  b_load_bounds                      data_manager
     0000000D  b_load_emote                       data_manager
     0000000D  b_load_init                        data_manager
     0000000D  b_load_player                      data_manager
     0000000D  b_load_scene                       data_manager
     0000000D  b_load_sprite                      data_manager
     0000000E  ___bank_actor_64_interact          actor_64_interact
     0000000E  ___bank_bg_dhilly_game_1_tileset   bg_dhilly_game_1_tileset
     0000000E  ___bank_bg_endingscene2_tileset    bg_endingscene2_tileset
     0000000E  ___bank_bg_endingscene_tileset     bg_endingscene_tileset
     0000000E  ___bank_bg_pixil_frame_0_31_tile   bg_pixil_frame_0_31_tileset
     0000000E  ___bank_bg_pixil_frame_0_33_tile   bg_pixil_frame_0_33_tilemap_
     0000000E  ___bank_scene_86_collisions        scene_86_collisions
     0000000E  ___bank_trigger_1_interact         trigger_1_interact
     0000000F  ___bank_VM_UI                      vm_ui
     0000000F  ___bank_bg_dhilly_game_8_tileset   bg_dhilly_game_8_tileset
ASxxxx Linker V03.00/V05.40 + sdld,  page 6.
Hexadecimal  [32-Bits]

Area                                    Addr        Size        Decimal Bytes (Attributes)
--------------------------------        ----        ----        ------- ----- ------------
.  .ABS.                            00000000    00000000 =           0. bytes (ABS,CON)

      Value  Global                              Global Defined In Module
      -----  --------------------------------   ------------------------
     0000000F  ___bank_bg_fieldlazy_tilemap       bg_fieldlazy_tilemap
     0000000F  ___bank_bg_fieldlazy_tilemap_att   bg_fieldlazy_tilemap_attr
     0000000F  ___bank_bg_intro_scenary_copy__t   bg_intro_scenary_copy__tilem
     0000000F  ___bank_bg_pixil_frame_23_0_tile   bg_pixil_frame_23_0_tilemap_
     0000000F  ___bank_scene_22_init              scene_22_init
     0000000F  ___bank_scene_28_triggers          scene_28_triggers
     0000000F  ___bank_scene_49_collisions        scene_49_collisions
     0000000F  b_scroll_init                      scroll
     0000000F  b_scroll_repaint                   scroll
     0000000F  b_scroll_reset                     scroll
     0000000F  b_scroll_update                    scroll
     0000000F  b_vm_choice                        vm_ui
     0000000F  b_vm_display_text                  vm_ui
     0000000F  b_vm_overlay_clear                 vm_ui
     0000000F  b_vm_overlay_move_to               vm_ui
     0000000F  b_vm_overlay_scroll                vm_ui
     0000000F  b_vm_overlay_set_map               vm_ui
     0000000F  b_vm_overlay_set_scroll            vm_ui
     0000000F  b_vm_overlay_set_submap            vm_ui
     0000000F  b_vm_overlay_set_submap_ex         vm_ui
     0000000F  b_vm_overlay_setpos                vm_ui
     0000000F  b_vm_overlay_show                  vm_ui
     0000000F  b_vm_overlay_wait                  vm_ui
     0000000F  b_vm_set_font                      vm_ui
     0000000F  b_vm_set_text_sound                vm_ui
     0000000F  b_vm_switch_text_layer             vm_ui
     00000010  ___bank_VM_GAMEBOY                 vm_gameboy
     00000010  ___bank_bg_dhillyhubdown_tileset   bg_dhillyhubdown_tileset
     00000010  ___bank_bg_endingscene_0_tileset   bg_endingscene_0_tileset
     00000010  ___bank_bg_intro_scenary_copy__t   bg_intro_scenary_copy__tilem
     00000010  ___bank_bg_pixil_frame_0_24_tile   bg_pixil_frame_0_24_tileset
     00000010  ___bank_bg_pixil_frame_23_0_tile   bg_pixil_frame_23_0_tilemap
     00000010  ___bank_bg_title_copy_2_tileset    bg_title_copy_2_tileset
     00000010  ___bank_scene_101_init             scene_101_init
     00000010  ___bank_scene_17_collisions        scene_17_collisions
     00000010  ___bank_scene_28_collisions        scene_28_collisions
     00000010  b_projectile_launch                projectiles
     00000010  b_projectiles_init                 projectiles
     00000010  b_vm_context_prepare               vm_gameboy
     00000010  b_vm_fade                          vm_gameboy
     00000010  b_vm_get_tile_xy                   vm_gameboy
     00000010  b_vm_input_attach                  vm_gameboy
     00000010  b_vm_input_detach                  vm_gameboy
     00000010  b_vm_input_get                     vm_gameboy
     00000010  b_vm_input_wait                    vm_gameboy
     00000010  b_vm_load_tileset                  vm_gameboy
     00000010  b_vm_poll                          vm_gameboy
     00000010  b_vm_replace_tile                  vm_gameboy
     00000010  b_vm_replace_tile_xy               vm_gameboy
     00000010  b_vm_rumble                        vm_gameboy
     00000010  b_vm_set_sprite_mode               vm_gameboy
ASxxxx Linker V03.00/V05.40 + sdld,  page 7.
Hexadecimal  [32-Bits]

Area                                    Addr        Size        Decimal Bytes (Attributes)
--------------------------------        ----        ----        ------- ----- ------------
.  .ABS.                            00000000    00000000 =           0. bytes (ABS,CON)

      Value  Global                              Global Defined In Module
      -----  --------------------------------   ------------------------
     00000010  b_vm_set_sprites_visible           vm_gameboy
     00000010  b_vm_timer_prepare                 vm_gameboy
     00000010  b_vm_timer_reset                   vm_gameboy
     00000010  b_vm_timer_set                     vm_gameboy
     00000010  b_vm_timer_stop                    vm_gameboy
     00000011  ___bank_bg_cave_ladder_copy_0_ti   bg_cave_ladder_copy_0_tilema
     00000011  ___bank_bg_cave_ladder_copy_0_ti   bg_cave_ladder_copy_0_tilema
     00000011  ___bank_bg_chase_shilly_tilemap    bg_chase_shilly_tilemap
     00000011  ___bank_bg_chase_shilly_tilemap_   bg_chase_shilly_tilemap_attr
     00000011  ___bank_bg_dhilly_game_11_tilese   bg_dhilly_game_11_tileset
     00000011  ___bank_bg_pixil_frame_0_33_tile   bg_pixil_frame_0_33_tilemap
     00000011  ___bank_cursor_image               cursor_image
     00000011  ___bank_scene_27_init              scene_27_init
     00000011  ___bank_scene_54_init              scene_54_init
     00000011  ___bank_scene_55_collisions        scene_55_collisions
     00000011  ___bank_scene_88_collisions        scene_88_collisions
     00000011  ___bank_scene_90_collisions        scene_90_collisions
     00000011  b_topdown_init                     topdown
     00000011  b_topdown_update                   topdown
     00000012  ___bank_actor_42_interact          actor_42_interact
     00000012  ___bank_bg_cave_ladder_copy__til   bg_cave_ladder_copy__tilemap
     00000012  ___bank_bg_cave_ladder_copy__til   bg_cave_ladder_copy__tilemap
     00000012  ___bank_bg_fall_to_shilly_area_c   bg_fall_to_shilly_area_copy_
     00000012  ___bank_bg_fall_to_shilly_area_c   bg_fall_to_shilly_area_copy_
     00000012  ___bank_bg_init_copy_0_tilemap_a   bg_init_copy_0_tilemap_attr
     00000012  ___bank_bg_lencityopen_copy__til   bg_lencityopen_copy__tilemap
     00000012  ___bank_bg_lencityopen_copy__til   bg_lencityopen_copy__tilemap
     00000012  ___bank_bg_lencityopen_tileset     bg_lencityopen_tileset
     00000012  ___bank_bg_title_copy__tileset     bg_title_copy__tileset
     00000012  ___bank_scene_47_collisions        scene_47_collisions
     00000012  ___bank_scene_50_collisions        scene_50_collisions
     00000012  ___bank_scene_57_collisions        scene_57_collisions
     00000012  ___bank_script_input_5             script_input_5
     00000013  ___bank_actor_11_interact          actor_11_interact
     00000013  ___bank_bg_announcer_tileset       bg_announcer_tileset
     00000013  ___bank_bg_init_copy_0_tilemap     bg_init_copy_0_tilemap
     00000013  ___bank_bg_init_copy_2_tilemap     bg_init_copy_2_tilemap
     00000013  ___bank_bg_init_copy_2_tilemap_a   bg_init_copy_2_tilemap_attr
     00000013  ___bank_bg_placeholder_copy_copy   bg_placeholder_copy_copy_co_
     00000013  ___bank_scene_32_collisions        scene_32_collisions
     00000013  ___bank_scene_3_init               scene_3_init
     00000013  ___bank_scene_51_collisions        scene_51_collisions
     00000013  ___bank_scene_56_collisions        scene_56_collisions
     00000013  ___bank_scene_77_collisions        scene_77_collisions
     00000013  ___bank_scene_91_collisions        scene_91_collisions
     00000013  ___bank_scene_93_collisions        scene_93_collisions
     00000013  ___bank_scene_94_collisions        scene_94_collisions
     00000013  ___bank_trigger_95_interact        trigger_95_interact
     00000014  ___bank_VM_SIO                     vm_sio
     00000014  ___bank_actor_19_interact          actor_19_interact
     00000014  ___bank_actor_6_interact           actor_6_interact
ASxxxx Linker V03.00/V05.40 + sdld,  page 8.
Hexadecimal  [32-Bits]

Area                                    Addr        Size        Decimal Bytes (Attributes)
--------------------------------        ----        ----        ------- ----- ------------
.  .ABS.                            00000000    00000000 =           0. bytes (ABS,CON)

      Value  Global                              Global Defined In Module
      -----  --------------------------------   ------------------------
     00000014  ___bank_bg_area_dhilly_city_lair   bg_area_dhilly_city_lair_la_
     00000014  ___bank_bg_dhilly_bridge_tilemap   bg_dhilly_bridge_tilemap
     00000014  ___bank_bg_dhilly_bridge_tilemap   bg_dhilly_bridge_tilemap_att
     00000014  ___bank_bg_dhilly_game_10_tilese   bg_dhilly_game_10_tileset
     00000014  ___bank_bg_endingscene3_tileset    bg_endingscene3_tileset
     00000014  ___bank_bg_pixil_frame_0_33_tile   bg_pixil_frame_0_33_tileset
     00000014  ___bank_bg_placeholder_copy_copy   bg_placeholder_copy_copy_co_
     00000014  ___bank_scene_52_init              scene_52_init
     00000014  ___bank_scene_76_collisions        scene_76_collisions
     00000014  ___bank_scene_91_init              scene_91_init
     00000014  b_core_reset                       core
     00000014  b_core_run                         core
     00000014  b_data_clear                       load_save
     00000014  b_data_init                        load_save
     00000014  b_data_load                        load_save
     00000014  b_data_peek                        load_save
     00000014  b_data_save                        load_save
     00000014  b_pointnclick_init                 pointnclick
     00000014  b_pointnclick_update               pointnclick
     00000014  b_vm_sio_exchange                  vm_sio
     00000014  b_vm_sio_set_mode                  vm_sio
     00000015  ___bank_bg_area_dhilly_city_lair   bg_area_dhilly_city_lair_la_
     00000015  ___bank_bg_controls_gb_copy_0_ti   bg_controls_gb_copy_0_tilema
     00000015  ___bank_bg_controls_gb_copy_0_ti   bg_controls_gb_copy_0_tilema
     00000015  ___bank_bg_init_copy__tilemap      bg_init_copy__tilemap
     00000015  ___bank_bg_init_copy__tilemap_at   bg_init_copy__tilemap_attr
     00000015  ___bank_bg_lair_right_5_tileset    bg_lair_right_5_tileset
     00000015  ___bank_bg_pixil_frame_0_30_tile   bg_pixil_frame_0_30_tilemap
     00000015  ___bank_bg_pixil_frame_0_30_tile   bg_pixil_frame_0_30_tilemap_
     00000015  ___bank_bg_pixil_frame_0_copy_co   bg_pixil_frame_0_copy_copy__
     00000015  ___bank_bg_ui_screens_title_copy   bg_ui_screens_title_copy__ti
     00000015  ___bank_bg_ui_screens_title_copy   bg_ui_screens_title_copy__ti
     00000015  ___bank_scene_0_collisions         scene_0_collisions
     00000015  ___bank_scene_103_collisions       scene_103_collisions
     00000015  ___bank_scene_15_collisions        scene_15_collisions
     00000015  ___bank_scene_30_collisions        scene_30_collisions
     00000015  ___bank_scene_89_collisions        scene_89_collisions
     00000015  ___bank_script_input_2             script_input_2
     00000015  b___HandleCrash_banked             
     00000015  b_gbprinter_detect                 gbprinter
     00000015  b_gbprinter_print_overlay          gbprinter
     00000016  ___bank_avatar_font_0              avatar_font_0
     00000016  ___bank_bg_area_len_city_lencity   bg_area_len_city_lencity_dh_
     00000016  ___bank_bg_chase_shilly_tileset    bg_chase_shilly_tileset
     00000016  ___bank_bg_dhilly_game_9_tileset   bg_dhilly_game_9_tileset
     00000016  ___bank_bg_iceos_login_2_copy__t   bg_iceos_login_2_copy__tiles
     00000016  ___bank_bg_pixil_frame_0_23_tile   bg_pixil_frame_0_23_tileset
     00000016  ___bank_bg_pixil_frame_0_24_tile   bg_pixil_frame_0_24_tilemap
     00000016  ___bank_bg_pixil_frame_0_24_tile   bg_pixil_frame_0_24_tilemap_
     00000016  ___bank_bg_pixil_frame_23_0_tile   bg_pixil_frame_23_0_tileset
     00000016  ___bank_bg_samsam_copy_tileset     bg_samsam_copy_tileset
ASxxxx Linker V03.00/V05.40 + sdld,  page 9.
Hexadecimal  [32-Bits]

Area                                    Addr        Size        Decimal Bytes (Attributes)
--------------------------------        ----        ----        ------- ----- ------------
.  .ABS.                            00000000    00000000 =           0. bytes (ABS,CON)

      Value  Global                              Global Defined In Module
      -----  --------------------------------   ------------------------
     00000016  ___bank_bg_shillycityopen_copy_1   bg_shillycityopen_copy_1_til
     00000016  ___bank_bg_square_frozen_future_   bg_square_frozen_future_tile
     00000016  ___bank_bg_theatre_tileset         bg_theatre_tileset
     00000016  ___bank_bg_title_copy_0_tileset    bg_title_copy_0_tileset
     00000016  ___bank_scene_102_sprites          scene_102_sprites
     00000016  ___bank_scene_14_init              scene_14_init
     00000016  ___bank_scene_29_collisions        scene_29_collisions
     00000016  ___bank_scene_41_triggers          scene_41_triggers
     00000016  ___bank_scene_99_init              scene_99_init
     00000016  ___bank_sprite_pixelperfectvoti_   sprite_pixelperfectvoti_cop_
     00000016  ___bank_trigger_61_interact        trigger_61_interact
     00000016  ___bank_trigger_81_interact        trigger_81_interact
     00000016  b_atan2                            math_atan2
     00000016  b_fade_applypalettechange          fade_manager
     00000016  b_fade_in                          fade_manager
     00000016  b_fade_in_modal                    fade_manager
     00000016  b_fade_init                        fade_manager
     00000016  b_fade_out                         fade_manager
     00000016  b_fade_out_modal                   fade_manager
     00000016  b_fade_setspeed                    fade_manager
     00000016  b_fade_update                      fade_manager
     00000016  b_trigger_activate_at              trigger
     00000016  b_trigger_activate_at_intersecti   trigger
     00000016  b_trigger_at_tile                  trigger
     00000016  b_trigger_interact                 trigger
     00000016  b_trigger_reset                    trigger
     00000017  ___bank_VM_PALETTE                 vm_palette
     00000017  ___bank_actor_25_interact          actor_25_interact
     00000017  ___bank_bg_area_dhilly_city_lair   bg_area_dhilly_city_lair_la_
     00000017  ___bank_bg_cinema_tilemap          bg_cinema_tilemap
     00000017  ___bank_bg_cinema_tilemap_attr     bg_cinema_tilemap_attr
     00000017  ___bank_bg_dhilly_game_5_tileset   bg_dhilly_game_5_tileset
     00000017  ___bank_bg_iceos_desktop_copy__t   bg_iceos_desktop_copy__tiles
     00000017  ___bank_bg_lair_right_3_tileset    bg_lair_right_3_tileset
     00000017  ___bank_bg_lencity_trainstation_   bg_lencity_trainstation_cop_
     00000017  ___bank_bg_lencity_trainstation_   bg_lencity_trainstation_tile
     00000017  ___bank_bg_lencity_trainstation_   bg_lencity_trainstation_tile
     00000017  ___bank_bg_shillycity_sara_house   bg_shillycity_sara_house_co_
     00000017  ___bank_bg_shillycityopen_copy_0   bg_shillycityopen_copy_0_til
     00000017  ___bank_bg_shillycityopen_copy_0   bg_shillycityopen_copy_0_til
     00000017  ___bank_bg_shillycityopen_copy_0   bg_shillycityopen_copy_0_til
     00000017  ___bank_bg_shillycityopen_copy__   bg_shillycityopen_copy__tile
     00000017  ___bank_bg_square_frozen_future_   bg_square_frozen_future_tile
     00000017  ___bank_bg_square_frozen_future_   bg_square_frozen_future_tile
     00000017  ___bank_bg_theatre_tilemap         bg_theatre_tilemap
     00000017  ___bank_bg_theatre_tilemap_attr    bg_theatre_tilemap_attr
     00000017  ___bank_scene_100_init             scene_100_init
     00000017  ___bank_scene_101_triggers         scene_101_triggers
     00000017  ___bank_scene_19_collisions        scene_19_collisions
     00000017  ___bank_scene_20_collisions        scene_20_collisions
     00000017  ___bank_scene_24_init              scene_24_init
ASxxxx Linker V03.00/V05.40 + sdld,  page 10.
Hexadecimal  [32-Bits]

Area                                    Addr        Size        Decimal Bytes (Attributes)
--------------------------------        ----        ----        ------- ----- ------------
.  .ABS.                            00000000    00000000 =           0. bytes (ABS,CON)

      Value  Global                              Global Defined In Module
      -----  --------------------------------   ------------------------
     00000017  ___bank_scene_27_collisions        scene_27_collisions
     00000017  ___bank_scene_35_collisions        scene_35_collisions
     00000017  ___bank_scene_45_collisions        scene_45_collisions
     00000017  ___bank_scene_46_collisions        scene_46_collisions
     00000017  ___bank_scene_48_collisions        scene_48_collisions
     00000017  ___bank_scene_63_collisions        scene_63_collisions
     00000017  ___bank_scene_64_init              scene_64_init
     00000017  ___bank_scene_7_init               scene_7_init
     00000017  ___bank_sprite_pixelperfectvoti_   sprite_pixelperfectvoti_tile
     00000017  ___bank_trigger_121_interact       trigger_121_interact
     00000017  b_CGBZeroPalette                   palette
     00000017  b_SGBTransferPalettes              palette
     00000017  b_palette_init                     palette
     00000017  b_set_sgb_border                   sgb_border
     00000017  b_vm_load_palette                  vm_palette
     00000018  ___bank_bg_announcer_tilemap       bg_announcer_tilemap
     00000018  ___bank_bg_announcer_tilemap_att   bg_announcer_tilemap_attr
     00000018  ___bank_bg_area_dhilly_city_lair   bg_area_dhilly_city_lair_la_
     00000018  ___bank_bg_area_dhilly_city_lair   bg_area_dhilly_city_lair_la_
     00000018  ___bank_bg_area_dhilly_city_lair   bg_area_dhilly_city_lair_la_
     00000018  ___bank_bg_area_dhilly_city_lair   bg_area_dhilly_city_lair_la_
     00000018  ___bank_bg_area_dhilly_city_lair   bg_area_dhilly_city_lair_la_
     00000018  ___bank_bg_area_dhilly_city_lair   bg_area_dhilly_city_lair_la_
     00000018  ___bank_bg_area_dhilly_city_lair   bg_area_dhilly_city_lair_la_
     00000018  ___bank_bg_area_dhilly_city_lair   bg_area_dhilly_city_lair_la_
     00000018  ___bank_bg_area_dhilly_city_lair   bg_area_dhilly_city_lair_la_
     00000018  ___bank_bg_area_dhilly_city_lair   bg_area_dhilly_city_lair_la_
     00000018  ___bank_bg_area_len_city_eve_hou   bg_area_len_city_eve_house__
     00000018  ___bank_bg_area_len_city_eve_hou   bg_area_len_city_eve_house__
     00000018  ___bank_bg_area_len_city_lencity   bg_area_len_city_lencity_dh_
     00000018  ___bank_bg_area_len_city_lencity   bg_area_len_city_lencity_dh_
     00000018  ___bank_bg_controls_gb_copy__til   bg_controls_gb_copy__tilemap
     00000018  ___bank_bg_controls_gb_copy__til   bg_controls_gb_copy__tilemap
     00000018  ___bank_bg_controls_gba_copy_0_t   bg_controls_gba_copy_0_tilem
     00000018  ___bank_bg_controls_gba_copy_0_t   bg_controls_gba_copy_0_tilem
     00000018  ___bank_bg_controls_gba_copy__ti   bg_controls_gba_copy__tilema
     00000018  ___bank_bg_controls_gba_copy__ti   bg_controls_gba_copy__tilema
     00000018  ___bank_bg_controls_gbc_copy__ti   bg_controls_gbc_copy__tilema
     00000018  ___bank_bg_controls_gbc_copy__ti   bg_controls_gbc_copy__tilema
     00000018  ___bank_bg_controls_mobile_copy_   bg_controls_mobile_copy_0_ti
     00000018  ___bank_bg_controls_mobile_copy_   bg_controls_mobile_copy_0_ti
     00000018  ___bank_bg_controls_mobile_copy_   bg_controls_mobile_copy__til
     00000018  ___bank_bg_controls_mobile_copy_   bg_controls_mobile_copy__til
     00000018  ___bank_bg_dhilly_game_10_tilema   bg_dhilly_game_10_tilemap
     00000018  ___bank_bg_dhilly_game_10_tilema   bg_dhilly_game_10_tilemap_at
     00000018  ___bank_bg_dhilly_game_11_tilema   bg_dhilly_game_11_tilemap
     00000018  ___bank_bg_dhilly_game_11_tilema   bg_dhilly_game_11_tilemap_at
     00000018  ___bank_bg_dhilly_game_1_tilemap   bg_dhilly_game_1_tilemap
     00000018  ___bank_bg_dhilly_game_1_tilemap   bg_dhilly_game_1_tilemap_att
     00000018  ___bank_bg_dhilly_game_4_tilemap   bg_dhilly_game_4_tilemap
     00000018  ___bank_bg_dhilly_game_4_tilemap   bg_dhilly_game_4_tilemap_att
ASxxxx Linker V03.00/V05.40 + sdld,  page 11.
Hexadecimal  [32-Bits]

Area                                    Addr        Size        Decimal Bytes (Attributes)
--------------------------------        ----        ----        ------- ----- ------------
.  .ABS.                            00000000    00000000 =           0. bytes (ABS,CON)

      Value  Global                              Global Defined In Module
      -----  --------------------------------   ------------------------
     00000018  ___bank_bg_dhilly_game_5_tilemap   bg_dhilly_game_5_tilemap
     00000018  ___bank_bg_dhilly_game_5_tilemap   bg_dhilly_game_5_tilemap_att
     00000018  ___bank_bg_dhilly_game_8_tilemap   bg_dhilly_game_8_tilemap
     00000018  ___bank_bg_dhilly_game_8_tilemap   bg_dhilly_game_8_tilemap_att
     00000018  ___bank_bg_dhilly_game_9_tilemap   bg_dhilly_game_9_tilemap
     00000018  ___bank_bg_dhilly_game_9_tilemap   bg_dhilly_game_9_tilemap_att
     00000018  ___bank_bg_dhillyhubdown_tilemap   bg_dhillyhubdown_tilemap
     00000018  ___bank_bg_dhillyhubdown_tilemap   bg_dhillyhubdown_tilemap_att
     00000018  ___bank_scene_23_init              scene_23_init
     00000018  ___bank_scene_93_init              scene_93_init
     00000018  l__INITIALIZED                  
     00000018  l__INITIALIZER                  
     00000019  ___bank_bg_elevator_tilemap        bg_elevator_tilemap
     00000019  ___bank_bg_elevator_tilemap_attr   bg_elevator_tilemap_attr
     00000019  ___bank_bg_endingscene2_tilemap    bg_endingscene2_tilemap
     00000019  ___bank_bg_endingscene2_tilemap_   bg_endingscene2_tilemap_attr
     00000019  ___bank_bg_endingscene3_tilemap    bg_endingscene3_tilemap
     00000019  ___bank_bg_endingscene3_tilemap_   bg_endingscene3_tilemap_attr
     00000019  ___bank_bg_endingscene_0_tilemap   bg_endingscene_0_tilemap
     00000019  ___bank_bg_endingscene_0_tilemap   bg_endingscene_0_tilemap_att
     00000019  ___bank_bg_endingscene_tilemap     bg_endingscene_tilemap
     00000019  ___bank_bg_endingscene_tilemap_a   bg_endingscene_tilemap_attr
     00000019  ___bank_bg_iceos_desktop_copy__t   bg_iceos_desktop_copy__tilem
     00000019  ___bank_bg_iceos_desktop_copy__t   bg_iceos_desktop_copy__tilem
     00000019  ___bank_bg_iceos_login_2_copy__t   bg_iceos_login_2_copy__tilem
     00000019  ___bank_bg_iceos_login_2_copy__t   bg_iceos_login_2_copy__tilem
     00000019  ___bank_bg_iceos_login_copy__til   bg_iceos_login_copy__tilemap
     00000019  ___bank_bg_iceos_login_copy__til   bg_iceos_login_copy__tilemap
     00000019  ___bank_bg_iceos_platformer2_cop   bg_iceos_platformer2_copy__t
     00000019  ___bank_bg_iceos_platformer2_cop   bg_iceos_platformer2_copy__t
     00000019  ___bank_bg_iceos_platformer3_cop   bg_iceos_platformer3_copy__t
     00000019  ___bank_bg_iceos_platformer3_cop   bg_iceos_platformer3_copy__t
     00000019  ___bank_bg_iceos_platformer4_til   bg_iceos_platformer4_tilemap
     00000019  ___bank_bg_iceos_platformer4_til   bg_iceos_platformer4_tilemap
     00000019  ___bank_bg_iceos_platformer4_til   bg_iceos_platformer4_tileset
     00000019  ___bank_bg_init_copy_1_tilemap     bg_init_copy_1_tilemap
     00000019  ___bank_bg_init_copy_1_tilemap_a   bg_init_copy_1_tilemap_attr
     00000019  ___bank_bg_intro_weather_copy__t   bg_intro_weather_copy__tilem
     00000019  ___bank_bg_intro_weather_copy__t   bg_intro_weather_copy__tilem
     00000019  ___bank_bg_lair_hub_tilemap        bg_lair_hub_tilemap
     00000019  ___bank_bg_lair_hub_tilemap_attr   bg_lair_hub_tilemap_attr
     00000019  ___bank_bg_lair_right_3_copy__ti   bg_lair_right_3_copy__tilema
     00000019  ___bank_bg_lair_right_3_copy__ti   bg_lair_right_3_copy__tilema
     00000019  ___bank_bg_lair_right_3_tilemap    bg_lair_right_3_tilemap
     00000019  ___bank_bg_lair_right_3_tilemap_   bg_lair_right_3_tilemap_attr
     00000019  ___bank_bg_lair_right_4_copy__ti   bg_lair_right_4_copy__tilema
     00000019  ___bank_bg_lair_right_4_copy__ti   bg_lair_right_4_copy__tilema
     00000019  ___bank_bg_lair_right_5_tilemap    bg_lair_right_5_tilemap
     00000019  ___bank_bg_lair_right_5_tilemap_   bg_lair_right_5_tilemap_attr
     00000019  ___bank_bg_lencity_dhillybuildin   bg_lencity_dhillybuilding_c_
     00000019  ___bank_bg_lencity_dhillybuildin   bg_lencity_dhillybuilding_c_
ASxxxx Linker V03.00/V05.40 + sdld,  page 12.
Hexadecimal  [32-Bits]

Area                                    Addr        Size        Decimal Bytes (Attributes)
--------------------------------        ----        ----        ------- ----- ------------
.  .ABS.                            00000000    00000000 =           0. bytes (ABS,CON)

      Value  Global                              Global Defined In Module
      -----  --------------------------------   ------------------------
     00000019  ___bank_bg_lencity_dhillybuildin   bg_lencity_dhillybuilding_f_
     00000019  ___bank_bg_lencity_dhillybuildin   bg_lencity_dhillybuilding_f_
     00000019  ___bank_bg_lencity_trainstation_   bg_lencity_trainstation_cop_
     00000019  ___bank_bg_lencity_trainstation_   bg_lencity_trainstation_cop_
     00000019  ___bank_bg_options_copy__tilemap   bg_options_copy__tilemap
     00000019  ___bank_bg_options_copy__tilemap   bg_options_copy__tilemap_att
     00000019  ___bank_bg_pixil_frame_0_23_tile   bg_pixil_frame_0_23_tilemap_
     00000019  ___bank_scene_22_sprites           scene_22_sprites
     0000001A  ___bank_bg_lair_right_3_copy__ti   bg_lair_right_3_copy__tilese
     0000001A  ___bank_bg_pixil_frame_0_23_tile   bg_pixil_frame_0_23_tilemap
     0000001A  ___bank_bg_pixil_frame_0_copy_co   bg_pixil_frame_0_copy_copy__
     0000001A  ___bank_bg_pixil_frame_0_copy_co   bg_pixil_frame_0_copy_copy__
     0000001A  ___bank_bg_placeholder_copy_copy   bg_placeholder_copy_copy_co_
     0000001A  ___bank_bg_placeholder_copy_copy   bg_placeholder_copy_copy_co_
     0000001A  ___bank_bg_samsam_copy_tilemap     bg_samsam_copy_tilemap
     0000001A  ___bank_bg_samsam_copy_tilemap_a   bg_samsam_copy_tilemap_attr
     0000001A  ___bank_bg_shillycity_sara_house   bg_shillycity_sara_house_co_
     0000001A  ___bank_bg_shillycity_sara_house   bg_shillycity_sara_house_co_
     0000001A  ___bank_bg_shillycityopen_copy__   bg_shillycityopen_copy__tile
     0000001A  ___bank_bg_shillycityopen_copy__   bg_shillycityopen_copy__tile
     0000001A  ___bank_bg_title_copy_0_tilemap    bg_title_copy_0_tilemap
     0000001A  ___bank_bg_title_copy_0_tilemap_   bg_title_copy_0_tilemap_attr
     0000001A  ___bank_bg_title_copy_1_tilemap    bg_title_copy_1_tilemap
     0000001A  ___bank_bg_title_copy_1_tilemap_   bg_title_copy_1_tilemap_attr
     0000001A  ___bank_bg_title_copy_2_tilemap    bg_title_copy_2_tilemap
     0000001A  ___bank_bg_title_copy_2_tilemap_   bg_title_copy_2_tilemap_attr
     0000001A  ___bank_bg_title_copy__tilemap     bg_title_copy__tilemap
     0000001A  ___bank_bg_title_copy__tilemap_a   bg_title_copy__tilemap_attr
     0000001A  ___bank_bg_title_tilemap           bg_title_tilemap
     0000001A  ___bank_bg_title_tilemap_attr      bg_title_tilemap_attr
     0000001A  ___bank_bg_wakeupsquare_1_tilema   bg_wakeupsquare_1_tilemap
     0000001A  ___bank_bg_wakeupsquare_1_tilema   bg_wakeupsquare_1_tilemap_at
     0000001A  ___bank_bg_wakeupsquare_3_copy__   bg_wakeupsquare_3_copy__tile
     0000001A  ___bank_bg_wakeupsquare_3_copy__   bg_wakeupsquare_3_copy__tile
     0000001A  ___bank_scene_100_collisions       scene_100_collisions
     0000001A  ___bank_scene_101_collisions       scene_101_collisions
     0000001A  ___bank_scene_102_collisions       scene_102_collisions
     0000001A  ___bank_scene_104_collisions       scene_104_collisions
     0000001A  ___bank_scene_105_collisions       scene_105_collisions
     0000001A  ___bank_scene_10_collisions        scene_10_collisions
     0000001A  ___bank_scene_11_collisions        scene_11_collisions
     0000001A  ___bank_scene_12_collisions        scene_12_collisions
     0000001A  ___bank_scene_13_collisions        scene_13_collisions
     0000001A  ___bank_scene_14_collisions        scene_14_collisions
     0000001A  ___bank_scene_16_collisions        scene_16_collisions
     0000001A  ___bank_scene_1_collisions         scene_1_collisions
     0000001A  ___bank_scene_21_collisions        scene_21_collisions
     0000001A  ___bank_scene_22_collisions        scene_22_collisions
     0000001A  ___bank_scene_23_collisions        scene_23_collisions
     0000001A  ___bank_scene_24_collisions        scene_24_collisions
     0000001A  ___bank_scene_25_collisions        scene_25_collisions
ASxxxx Linker V03.00/V05.40 + sdld,  page 13.
Hexadecimal  [32-Bits]

Area                                    Addr        Size        Decimal Bytes (Attributes)
--------------------------------        ----        ----        ------- ----- ------------
.  .ABS.                            00000000    00000000 =           0. bytes (ABS,CON)

      Value  Global                              Global Defined In Module
      -----  --------------------------------   ------------------------
     0000001A  ___bank_scene_26_collisions        scene_26_collisions
     0000001A  ___bank_scene_2_collisions         scene_2_collisions
     0000001A  ___bank_scene_34_sprites           scene_34_sprites
     0000001A  ___bank_scene_3_collisions         scene_3_collisions
     0000001A  l__HRAM                         
     0000001B  ___bank_bg_area_len_city_eve_hou   bg_area_len_city_eve_house__
     0000001B  ___bank_scene_33_collisions        scene_33_collisions
     0000001B  ___bank_scene_37_collisions        scene_37_collisions
     0000001B  ___bank_scene_38_collisions        scene_38_collisions
     0000001B  ___bank_scene_39_collisions        scene_39_collisions
     0000001B  ___bank_scene_40_collisions        scene_40_collisions
     0000001B  ___bank_scene_41_collisions        scene_41_collisions
     0000001B  ___bank_scene_42_collisions        scene_42_collisions
     0000001B  ___bank_scene_43_collisions        scene_43_collisions
     0000001B  ___bank_scene_44_collisions        scene_44_collisions
     0000001B  ___bank_scene_4_collisions         scene_4_collisions
     0000001B  ___bank_scene_54_collisions        scene_54_collisions
     0000001B  ___bank_scene_59_collisions        scene_59_collisions
     0000001B  ___bank_scene_5_collisions         scene_5_collisions
     0000001B  ___bank_scene_60_collisions        scene_60_collisions
     0000001B  ___bank_scene_61_collisions        scene_61_collisions
     0000001B  ___bank_scene_64_collisions        scene_64_collisions
     0000001B  ___bank_scene_66_collisions        scene_66_collisions
     0000001B  ___bank_scene_67_collisions        scene_67_collisions
     0000001B  ___bank_scene_68_collisions        scene_68_collisions
     0000001B  ___bank_scene_69_collisions        scene_69_collisions
     0000001B  ___bank_scene_6_collisions         scene_6_collisions
     0000001B  ___bank_scene_70_collisions        scene_70_collisions
     0000001B  ___bank_scene_71_collisions        scene_71_collisions
     0000001B  ___bank_scene_72_collisions        scene_72_collisions
     0000001B  ___bank_scene_73_collisions        scene_73_collisions
     0000001B  ___bank_scene_74_collisions        scene_74_collisions
     0000001B  ___bank_scene_75_collisions        scene_75_collisions
     0000001B  ___bank_scene_78_collisions        scene_78_collisions
     0000001B  ___bank_scene_79_collisions        scene_79_collisions
     0000001B  ___bank_scene_7_collisions         scene_7_collisions
     0000001B  ___bank_scene_80_collisions        scene_80_collisions
     0000001B  ___bank_scene_81_collisions        scene_81_collisions
     0000001B  ___bank_scene_82_collisions        scene_82_collisions
     0000001B  ___bank_scene_83_collisions        scene_83_collisions
     0000001B  ___bank_scene_84_collisions        scene_84_collisions
     0000001B  ___bank_scene_85_collisions        scene_85_collisions
     0000001B  ___bank_scene_87_collisions        scene_87_collisions
     0000001B  ___bank_scene_8_collisions         scene_8_collisions
     0000001B  ___bank_scene_92_collisions        scene_92_collisions
     0000001B  ___bank_scene_95_collisions        scene_95_collisions
     0000001B  ___bank_scene_96_collisions        scene_96_collisions
     0000001B  ___bank_scene_97_collisions        scene_97_collisions
     0000001B  ___bank_scene_98_collisions        scene_98_collisions
     0000001B  ___bank_scene_9_collisions         scene_9_collisions
     0000001B  ___bank_trigger_89_interact        trigger_89_interact
ASxxxx Linker V03.00/V05.40 + sdld,  page 14.
Hexadecimal  [32-Bits]

Area                                    Addr        Size        Decimal Bytes (Attributes)
--------------------------------        ----        ----        ------- ----- ------------
.  .ABS.                            00000000    00000000 =           0. bytes (ABS,CON)

      Value  Global                              Global Defined In Module
      -----  --------------------------------   ------------------------
     0000001C  ___bank_VM_GBPRINTER               vm_gbprinter
     0000001C  ___bank_VM_MUSIC                   vm_music
     0000001C  ___bank_VM_PROJECTILE              vm_projectiles
     0000001C  ___bank_VM_RTC                     vm_rtc
     0000001C  ___bank_VM_SCENE                   vm_scene
     0000001C  ___bank_actor_18_interact          actor_18_interact
     0000001C  ___bank_actor_33_interact          actor_33_interact
     0000001C  ___bank_actor_34_interact          actor_34_interact
     0000001C  ___bank_actor_35_interact          actor_35_interact
     0000001C  ___bank_actor_38_interact          actor_38_interact
     0000001C  ___bank_actor_39_interact          actor_39_interact
     0000001C  ___bank_actor_41_interact          actor_41_interact
     0000001C  ___bank_actor_60_interact          actor_60_interact
     0000001C  ___bank_actor_61_interact          actor_61_interact
     0000001C  ___bank_bg_area_dhilly_city_lair   bg_area_dhilly_city_lair_la_
     0000001C  ___bank_bg_area_dhilly_city_lair   bg_area_dhilly_city_lair_la_
     0000001C  ___bank_bg_cave_ladder_copy_0_ti   bg_cave_ladder_copy_0_tilese
     0000001C  ___bank_bg_cave_ladder_copy__til   bg_cave_ladder_copy__tileset
     0000001C  ___bank_bg_cinema_tileset          bg_cinema_tileset
     0000001C  ___bank_bg_controls_gb_copy_0_ti   bg_controls_gb_copy_0_tilese
     0000001C  ___bank_bg_dhilly_bridge_tileset   bg_dhilly_bridge_tileset
     0000001C  ___bank_bg_elevator_tileset        bg_elevator_tileset
     0000001C  ___bank_bg_fall_to_shilly_area_c   bg_fall_to_shilly_area_copy_
     0000001C  ___bank_bg_fieldlazy_tileset       bg_fieldlazy_tileset
     0000001C  ___bank_bg_iceos_platformer2_cop   bg_iceos_platformer2_copy__t
     0000001C  ___bank_bg_iceos_platformer3_cop   bg_iceos_platformer3_copy__t
     0000001C  ___bank_bg_init_copy_2_tileset     bg_init_copy_2_tileset
     0000001C  ___bank_bg_lair_hub_tileset        bg_lair_hub_tileset
     0000001C  ___bank_bg_lencity_dhillybuildin   bg_lencity_dhillybuilding_c_
     0000001C  ___bank_bg_lencity_dhillybuildin   bg_lencity_dhillybuilding_f_
     0000001C  ___bank_bg_lencity_trainstation_   bg_lencity_trainstation_tile
     0000001C  ___bank_bg_lencityopen_copy_0_ti   bg_lencityopen_copy_0_tilese
     0000001C  ___bank_scene_105_init             scene_105_init
     0000001C  ___bank_scene_18_actors            scene_18_actors
     0000001C  ___bank_scene_21_init              scene_21_init
     0000001C  ___bank_scene_26_init              scene_26_init
     0000001C  ___bank_scene_2_actors             scene_2_actors
     0000001C  ___bank_scene_37_actors            scene_37_actors
     0000001C  ___bank_scene_39_actors            scene_39_actors
     0000001C  ___bank_scene_45_init              scene_45_init
     0000001C  ___bank_scene_52_actors            scene_52_actors
     0000001C  ___bank_scene_53_actors            scene_53_actors
     0000001C  ___bank_scene_62_init              scene_62_init
     0000001C  ___bank_scene_69_init              scene_69_init
     0000001C  ___bank_scene_74_init              scene_74_init
     0000001C  ___bank_scene_75_init              scene_75_init
     0000001C  ___bank_scene_86_actors            scene_86_actors
     0000001C  ___bank_scene_91_actors            scene_91_actors
     0000001C  ___bank_scene_92_actors            scene_92_actors
     0000001C  ___bank_scene_92_init              scene_92_init
     0000001C  ___bank_scene_93_p_hit1            scene_93_p_hit1
ASxxxx Linker V03.00/V05.40 + sdld,  page 15.
Hexadecimal  [32-Bits]

Area                                    Addr        Size        Decimal Bytes (Attributes)
--------------------------------        ----        ----        ------- ----- ------------
.  .ABS.                            00000000    00000000 =           0. bytes (ABS,CON)

      Value  Global                              Global Defined In Module
      -----  --------------------------------   ------------------------
     0000001C  ___bank_scene_94_init              scene_94_init
     0000001C  ___bank_scene_94_p_hit1            scene_94_p_hit1
     0000001C  ___bank_scene_97_init              scene_97_init
     0000001C  ___bank_scene_98_init              scene_98_init
     0000001C  ___bank_script_engine_init         
     0000001C  ___bank_sprite_dhilly_5_level_co   sprite_dhilly_5_level_copy__
     0000001C  ___bank_sprite_highlight_options   sprite_highlight_options_co_
     0000001C  ___bank_sprite_pixelperfectvoti    sprite_pixelperfectvoti
     0000001C  ___bank_sprite_pixelperfectvoti_   sprite_pixelperfectvoti_cop
     0000001C  ___bank_trigger_105_interact       trigger_105_interact
     0000001C  ___bank_trigger_112_interact       trigger_112_interact
     0000001C  ___bank_trigger_113_interact       trigger_113_interact
     0000001C  ___bank_trigger_114_interact       trigger_114_interact
     0000001C  ___bank_trigger_120_interact       trigger_120_interact
     0000001C  ___bank_trigger_123_interact       trigger_123_interact
     0000001C  ___bank_trigger_40_interact        trigger_40_interact
     0000001C  ___bank_trigger_52_interact        trigger_52_interact
     0000001C  ___bank_trigger_86_interact        trigger_86_interact
     0000001C  b_erase_flash                      
     0000001C  b_itoa_fmt                         vm_ui_a
     0000001C  b_music_events_poll                music_manager
     0000001C  b_music_init_driver                music_manager
     0000001C  b_music_init_events                music_manager
     0000001C  b_save_sram_banks                  
     0000001C  b_vm_music_mute                    vm_music
     0000001C  b_vm_music_play                    vm_music
     0000001C  b_vm_music_routine                 vm_music
     0000001C  b_vm_music_setpos                  vm_music
     0000001C  b_vm_music_stop                    vm_music
     0000001C  b_vm_print_detect                  vm_gbprinter
     0000001C  b_vm_print_overlay                 vm_gbprinter
     0000001C  b_vm_projectile_launch             vm_projectiles
     0000001C  b_vm_projectile_load_type          vm_projectiles
     0000001C  b_vm_rtc_get                       vm_rtc
     0000001C  b_vm_rtc_latch                     vm_rtc
     0000001C  b_vm_rtc_set                       vm_rtc
     0000001C  b_vm_rtc_start                     vm_rtc
     0000001C  b_vm_scene_pop                     vm_scene
     0000001C  b_vm_scene_pop_all                 vm_scene
     0000001C  b_vm_scene_push                    vm_scene
     0000001C  b_vm_scene_stack_reset             vm_scene
     0000001C  b_vm_sfx_play                      vm_music
     0000001C  b_vm_sound_mastervol               vm_music
     0000001D  ___bank_VM_LOAD_SAVE               vm_load_save
     0000001D  ___bank_actor_21_interact          actor_21_interact
     0000001D  ___bank_actor_65_interact          actor_65_interact
     0000001D  ___bank_actor_66_interact          actor_66_interact
     0000001D  ___bank_actor_67_interact          actor_67_interact
     0000001D  ___bank_bg_area_dhilly_city_lair   bg_area_dhilly_city_lair_la_
     0000001D  ___bank_bg_dhilly_game_4_tileset   bg_dhilly_game_4_tileset
     0000001D  ___bank_bg_init_copy_0_tileset     bg_init_copy_0_tileset
ASxxxx Linker V03.00/V05.40 + sdld,  page 16.
Hexadecimal  [32-Bits]

Area                                    Addr        Size        Decimal Bytes (Attributes)
--------------------------------        ----        ----        ------- ----- ------------
.  .ABS.                            00000000    00000000 =           0. bytes (ABS,CON)

      Value  Global                              Global Defined In Module
      -----  --------------------------------   ------------------------
     0000001D  ___bank_bg_intro_weather_copy__t   bg_intro_weather_copy__tiles
     0000001D  ___bank_bg_lair_right_4_copy__ti   bg_lair_right_4_copy__tilese
     0000001D  ___bank_bg_wakeupsquare_3_copy__   bg_wakeupsquare_3_copy__tile
     0000001D  ___bank_frame_image                frame_image
     0000001D  ___bank_palette_0                  palette_0
     0000001D  ___bank_palette_1                  palette_1
     0000001D  ___bank_palette_10                 palette_10
     0000001D  ___bank_palette_11                 palette_11
     0000001D  ___bank_palette_12                 palette_12
     0000001D  ___bank_palette_13                 palette_13
     0000001D  ___bank_palette_14                 palette_14
     0000001D  ___bank_palette_15                 palette_15
     0000001D  ___bank_palette_16                 palette_16
     0000001D  ___bank_palette_17                 palette_17
     0000001D  ___bank_palette_18                 palette_18
     0000001D  ___bank_palette_19                 palette_19
     0000001D  ___bank_palette_2                  palette_2
     0000001D  ___bank_palette_20                 palette_20
     0000001D  ___bank_palette_21                 palette_21
     0000001D  ___bank_palette_22                 palette_22
     0000001D  ___bank_palette_23                 palette_23
     0000001D  ___bank_palette_24                 palette_24
     0000001D  ___bank_palette_25                 palette_25
     0000001D  ___bank_palette_26                 palette_26
     0000001D  ___bank_palette_27                 palette_27
     0000001D  ___bank_palette_28                 palette_28
     0000001D  ___bank_palette_29                 palette_29
     0000001D  ___bank_palette_3                  palette_3
     0000001D  ___bank_palette_30                 palette_30
     0000001D  ___bank_palette_31                 palette_31
     0000001D  ___bank_palette_32                 palette_32
     0000001D  ___bank_palette_33                 palette_33
     0000001D  ___bank_palette_34                 palette_34
     0000001D  ___bank_palette_35                 palette_35
     0000001D  ___bank_palette_36                 palette_36
     0000001D  ___bank_palette_37                 palette_37
     0000001D  ___bank_palette_38                 palette_38
     0000001D  ___bank_palette_39                 palette_39
     0000001D  ___bank_palette_4                  palette_4
     0000001D  ___bank_palette_40                 palette_40
     0000001D  ___bank_palette_41                 palette_41
     0000001D  ___bank_palette_42                 palette_42
     0000001D  ___bank_palette_43                 palette_43
     0000001D  ___bank_palette_44                 palette_44
     0000001D  ___bank_palette_45                 palette_45
     0000001D  ___bank_palette_46                 palette_46
     0000001D  ___bank_palette_47                 palette_47
     0000001D  ___bank_palette_48                 palette_48
     0000001D  ___bank_palette_49                 palette_49
     0000001D  ___bank_palette_5                  palette_5
     0000001D  ___bank_palette_50                 palette_50
ASxxxx Linker V03.00/V05.40 + sdld,  page 17.
Hexadecimal  [32-Bits]

Area                                    Addr        Size        Decimal Bytes (Attributes)
--------------------------------        ----        ----        ------- ----- ------------
.  .ABS.                            00000000    00000000 =           0. bytes (ABS,CON)

      Value  Global                              Global Defined In Module
      -----  --------------------------------   ------------------------
     0000001D  ___bank_palette_51                 palette_51
     0000001D  ___bank_palette_52                 palette_52
     0000001D  ___bank_palette_53                 palette_53
     0000001D  ___bank_palette_54                 palette_54
     0000001D  ___bank_palette_55                 palette_55
     0000001D  ___bank_palette_56                 palette_56
     0000001D  ___bank_palette_57                 palette_57
     0000001D  ___bank_palette_58                 palette_58
     0000001D  ___bank_palette_59                 palette_59
     0000001D  ___bank_palette_6                  palette_6
     0000001D  ___bank_palette_60                 palette_60
     0000001D  ___bank_palette_61                 palette_61
     0000001D  ___bank_palette_62                 palette_62
     0000001D  ___bank_palette_63                 palette_63
     0000001D  ___bank_palette_64                 palette_64
     0000001D  ___bank_palette_65                 palette_65
     0000001D  ___bank_palette_66                 palette_66
     0000001D  ___bank_palette_67                 palette_67
     0000001D  ___bank_palette_68                 palette_68
     0000001D  ___bank_palette_69                 palette_69
     0000001D  ___bank_palette_7                  palette_7
     0000001D  ___bank_palette_70                 palette_70
     0000001D  ___bank_palette_71                 palette_71
     0000001D  ___bank_palette_8                  palette_8
     0000001D  ___bank_palette_9                  palette_9
     0000001D  ___bank_scene_0                    scene_0
     0000001D  ___bank_scene_1                    scene_1
     0000001D  ___bank_scene_10                   scene_10
     0000001D  ___bank_scene_100                  scene_100
     0000001D  ___bank_scene_101                  scene_101
     0000001D  ___bank_scene_102                  scene_102
     0000001D  ___bank_scene_103                  scene_103
     0000001D  ___bank_scene_103_init             scene_103_init
     0000001D  ___bank_scene_104                  scene_104
     0000001D  ___bank_scene_105                  scene_105
     0000001D  ___bank_scene_10_init              scene_10_init
     0000001D  ___bank_scene_11                   scene_11
     0000001D  ___bank_scene_11_init              scene_11_init
     0000001D  ___bank_scene_12                   scene_12
     0000001D  ___bank_scene_13                   scene_13
     0000001D  ___bank_scene_14                   scene_14
     0000001D  ___bank_scene_15                   scene_15
     0000001D  ___bank_scene_16                   scene_16
     0000001D  ___bank_scene_17                   scene_17
     0000001D  ___bank_scene_18                   scene_18
     0000001D  ___bank_scene_18_init              scene_18_init
     0000001D  ___bank_scene_19                   scene_19
     0000001D  ___bank_scene_19_init              scene_19_init
     0000001D  ___bank_scene_1_init               scene_1_init
     0000001D  ___bank_scene_2                    scene_2
     0000001D  ___bank_scene_20                   scene_20
ASxxxx Linker V03.00/V05.40 + sdld,  page 18.
Hexadecimal  [32-Bits]

Area                                    Addr        Size        Decimal Bytes (Attributes)
--------------------------------        ----        ----        ------- ----- ------------
.  .ABS.                            00000000    00000000 =           0. bytes (ABS,CON)

      Value  Global                              Global Defined In Module
      -----  --------------------------------   ------------------------
     0000001D  ___bank_scene_21                   scene_21
     0000001D  ___bank_scene_22                   scene_22
     0000001D  ___bank_scene_22_actors            scene_22_actors
     0000001D  ___bank_scene_23                   scene_23
     0000001D  ___bank_scene_24                   scene_24
     0000001D  ___bank_scene_25                   scene_25
     0000001D  ___bank_scene_25_init              scene_25_init
     0000001D  ___bank_scene_26                   scene_26
     0000001D  ___bank_scene_27                   scene_27
     0000001D  ___bank_scene_28                   scene_28
     0000001D  ___bank_scene_29                   scene_29
     0000001D  ___bank_scene_3                    scene_3
     0000001D  ___bank_scene_30                   scene_30
     0000001D  ___bank_scene_31                   scene_31
     0000001D  ___bank_scene_32                   scene_32
     0000001D  ___bank_scene_33                   scene_33
     0000001D  ___bank_scene_33_actors            scene_33_actors
     0000001D  ___bank_scene_34                   scene_34
     0000001D  ___bank_scene_34_actors            scene_34_actors
     0000001D  ___bank_scene_35                   scene_35
     0000001D  ___bank_scene_37                   scene_37
     0000001D  ___bank_scene_38                   scene_38
     0000001D  ___bank_scene_38_init              scene_38_init
     0000001D  ___bank_scene_39                   scene_39
     0000001D  ___bank_scene_4                    scene_4
     0000001D  ___bank_scene_40                   scene_40
     0000001D  ___bank_scene_41                   scene_41
     0000001D  ___bank_scene_42                   scene_42
     0000001D  ___bank_scene_43                   scene_43
     0000001D  ___bank_scene_44                   scene_44
     0000001D  ___bank_scene_45                   scene_45
     0000001D  ___bank_scene_45_actors            scene_45_actors
     0000001D  ___bank_scene_46                   scene_46
     0000001D  ___bank_scene_46_actors            scene_46_actors
     0000001D  ___bank_scene_46_p_hit1            scene_46_p_hit1
     0000001D  ___bank_scene_47                   scene_47
     0000001D  ___bank_scene_48                   scene_48
     0000001D  ___bank_scene_48_p_hit1            scene_48_p_hit1
     0000001D  ___bank_scene_49                   scene_49
     0000001D  ___bank_scene_49_p_hit1            scene_49_p_hit1
     0000001D  ___bank_scene_4_init               scene_4_init
     0000001D  ___bank_scene_5                    scene_5
     0000001D  ___bank_scene_50                   scene_50
     0000001D  ___bank_scene_51                   scene_51
     0000001D  ___bank_scene_52                   scene_52
     0000001D  ___bank_scene_53                   scene_53
     0000001D  ___bank_scene_54                   scene_54
     0000001D  ___bank_scene_54_actors            scene_54_actors
     0000001D  ___bank_scene_55                   scene_55
     0000001D  ___bank_scene_56                   scene_56
     0000001D  ___bank_scene_57                   scene_57
ASxxxx Linker V03.00/V05.40 + sdld,  page 19.
Hexadecimal  [32-Bits]

Area                                    Addr        Size        Decimal Bytes (Attributes)
--------------------------------        ----        ----        ------- ----- ------------
.  .ABS.                            00000000    00000000 =           0. bytes (ABS,CON)

      Value  Global                              Global Defined In Module
      -----  --------------------------------   ------------------------
     0000001D  ___bank_scene_58                   scene_58
     0000001D  ___bank_scene_59                   scene_59
     0000001D  ___bank_scene_5_init               scene_5_init
     0000001D  ___bank_scene_6                    scene_6
     0000001D  ___bank_scene_60                   scene_60
     0000001D  ___bank_scene_6_init               scene_6_init
     0000001D  ___bank_scene_73_actors            scene_73_actors
     0000001D  ___bank_scene_85_init              scene_85_init
     0000001D  ___bank_scene_87_init              scene_87_init
     0000001D  ___bank_scene_8_init               scene_8_init
     0000001D  ___bank_scene_95_init              scene_95_init
     0000001D  ___bank_scene_96_init              scene_96_init
     0000001D  ___bank_scene_99_actors            scene_99_actors
     0000001D  ___bank_scene_9_init               scene_9_init
     0000001D  ___bank_script_input_0             script_input_0
     0000001D  ___bank_script_input_1             script_input_1
     0000001D  ___bank_script_timer_0             script_timer_0
     0000001D  ___bank_sprite_blank_interactabl   sprite_blank_interactable_c_
     0000001D  ___bank_sprite_blank_interactabl   sprite_blank_interactable_c_
     0000001D  ___bank_sprite_dhilly_5_level_co   sprite_dhilly_5_level_copy_
     0000001D  ___bank_sprite_dhilly_bridge_int   sprite_dhilly_bridge_intera_
     0000001D  ___bank_sprite_dhilly_saveselect   sprite_dhilly_saveselect
     0000001D  ___bank_sprite_highlight_options   sprite_highlight_options_co
     0000001D  ___bank_sprite_square_cart_copy_   sprite_square_cart_copy_
     0000001D  ___bank_sprite_square_cart_copy_   sprite_square_cart_copy__til
     0000001D  ___bank_sprite_square_full_hitbo   sprite_square_full_hitbox_c_
     0000001D  ___bank_sprite_square_full_hitbo   sprite_square_full_hitbox_c_
     0000001D  ___bank_sprite_square_full_hitbo   sprite_square_full_hitbox_c_
     0000001D  ___bank_sprite_square_full_hitbo   sprite_square_full_hitbox_c_
     0000001D  ___bank_tileset_default_frame      tileset_default_frame
     0000001D  ___bank_trigger_101_interact       trigger_101_interact
     0000001D  ___bank_trigger_102_interact       trigger_102_interact
     0000001D  ___bank_trigger_103_interact       trigger_103_interact
     0000001D  ___bank_trigger_106_interact       trigger_106_interact
     0000001D  ___bank_trigger_108_interact       trigger_108_interact
     0000001D  ___bank_trigger_109_interact       trigger_109_interact
     0000001D  ___bank_trigger_110_interact       trigger_110_interact
     0000001D  ___bank_trigger_111_interact       trigger_111_interact
     0000001D  ___bank_trigger_115_interact       trigger_115_interact
     0000001D  ___bank_trigger_77_interact        trigger_77_interact
     0000001D  ___bank_trigger_90_interact        trigger_90_interact
     0000001D  ___bank_trigger_97_interact        trigger_97_interact
     0000001D  ___bank_trigger_99_interact        trigger_99_interact
     0000001D  b_events_init                      events
     0000001D  b_restore_sram                     flasher
     0000001D  b_restore_sram_bank                flasher
     0000001D  b_save_sram                        flasher
     0000001D  b_timers_init                      events
     0000001D  b_vm_save_clear                    vm_load_save
     0000001D  b_vm_save_peek                     vm_load_save
     0000001E  ___bank_actor_14_interact          actor_14_interact
ASxxxx Linker V03.00/V05.40 + sdld,  page 20.
Hexadecimal  [32-Bits]

Area                                    Addr        Size        Decimal Bytes (Attributes)
--------------------------------        ----        ----        ------- ----- ------------
.  .ABS.                            00000000    00000000 =           0. bytes (ABS,CON)

      Value  Global                              Global Defined In Module
      -----  --------------------------------   ------------------------
     0000001E  ___bank_actor_17_interact          actor_17_interact
     0000001E  ___bank_actor_31_interact          actor_31_interact
     0000001E  ___bank_actor_32_interact          actor_32_interact
     0000001E  ___bank_actor_36_interact          actor_36_interact
     0000001E  ___bank_actor_37_interact          actor_37_interact
     0000001E  ___bank_actor_46_interact          actor_46_interact
     0000001E  ___bank_actor_47_interact          actor_47_interact
     0000001E  ___bank_bg_announcer               bg_announcer
     0000001E  ___bank_bg_area_dhilly_city_lair   bg_area_dhilly_city_lair_la
     0000001E  ___bank_bg_area_dhilly_city_lair   bg_area_dhilly_city_lair_la_
     0000001E  ___bank_bg_area_dhilly_city_lair   bg_area_dhilly_city_lair_la_
     0000001E  ___bank_bg_area_dhilly_city_lair   bg_area_dhilly_city_lair_la_
     0000001E  ___bank_bg_area_dhilly_city_lair   bg_area_dhilly_city_lair_la_
     0000001E  ___bank_bg_area_dhilly_city_lair   bg_area_dhilly_city_lair_la_
     0000001E  ___bank_bg_area_len_city_eve_hou   bg_area_len_city_eve_house_
     0000001E  ___bank_bg_area_len_city_lencity   bg_area_len_city_lencity_dh
     0000001E  ___bank_bg_cave_ladder_copy_       bg_cave_ladder_copy_
     0000001E  ___bank_bg_cave_ladder_copy_0      bg_cave_ladder_copy_0
     0000001E  ___bank_bg_chase_shilly            bg_chase_shilly
     0000001E  ___bank_bg_cinema                  bg_cinema
     0000001E  ___bank_bg_controls_gb_copy_       bg_controls_gb_copy_
     0000001E  ___bank_bg_controls_gb_copy_0      bg_controls_gb_copy_0
     0000001E  ___bank_bg_controls_gba_copy_      bg_controls_gba_copy_
     0000001E  ___bank_bg_controls_gba_copy_0     bg_controls_gba_copy_0
     0000001E  ___bank_bg_controls_gbc_copy_      bg_controls_gbc_copy_
     0000001E  ___bank_bg_controls_mobile_copy_   bg_controls_mobile_copy_
     0000001E  ___bank_bg_controls_mobile_copy_   bg_controls_mobile_copy_0
     0000001E  ___bank_bg_dhilly_bridge           bg_dhilly_bridge
     0000001E  ___bank_bg_dhilly_game_1           bg_dhilly_game_1
     0000001E  ___bank_bg_dhilly_game_10          bg_dhilly_game_10
     0000001E  ___bank_bg_dhilly_game_11          bg_dhilly_game_11
     0000001E  ___bank_bg_dhilly_game_4           bg_dhilly_game_4
     0000001E  ___bank_bg_dhilly_game_5           bg_dhilly_game_5
     0000001E  ___bank_bg_dhilly_game_8           bg_dhilly_game_8
     0000001E  ___bank_bg_dhilly_game_9           bg_dhilly_game_9
     0000001E  ___bank_bg_dhillyhubdown           bg_dhillyhubdown
     0000001E  ___bank_bg_elevator                bg_elevator
     0000001E  ___bank_bg_endingscene             bg_endingscene
     0000001E  ___bank_bg_endingscene2            bg_endingscene2
     0000001E  ___bank_bg_endingscene3            bg_endingscene3
     0000001E  ___bank_bg_endingscene_0           bg_endingscene_0
     0000001E  ___bank_bg_fall_to_shilly_area_c   bg_fall_to_shilly_area_copy
     0000001E  ___bank_bg_fieldlazy               bg_fieldlazy
     0000001E  ___bank_bg_iceos_desktop_copy_     bg_iceos_desktop_copy_
     0000001E  ___bank_bg_iceos_login_2_copy_     bg_iceos_login_2_copy_
     0000001E  ___bank_bg_iceos_login_copy_       bg_iceos_login_copy_
     0000001E  ___bank_bg_iceos_platformer2_cop   bg_iceos_platformer2_copy_
     0000001E  ___bank_bg_iceos_platformer3_cop   bg_iceos_platformer3_copy_
     0000001E  ___bank_bg_iceos_platformer4       bg_iceos_platformer4
     0000001E  ___bank_bg_init_copy_              bg_init_copy_
     0000001E  ___bank_bg_init_copy_0             bg_init_copy_0
ASxxxx Linker V03.00/V05.40 + sdld,  page 21.
Hexadecimal  [32-Bits]

Area                                    Addr        Size        Decimal Bytes (Attributes)
--------------------------------        ----        ----        ------- ----- ------------
.  .ABS.                            00000000    00000000 =           0. bytes (ABS,CON)

      Value  Global                              Global Defined In Module
      -----  --------------------------------   ------------------------
     0000001E  ___bank_bg_init_copy_1             bg_init_copy_1
     0000001E  ___bank_bg_init_copy_2             bg_init_copy_2
     0000001E  ___bank_bg_init_copy__tileset      bg_init_copy__tileset
     0000001E  ___bank_bg_intro_scenary_copy_     bg_intro_scenary_copy_
     0000001E  ___bank_bg_intro_scenary_copy__t   bg_intro_scenary_copy__tiles
     0000001E  ___bank_bg_intro_weather_copy_     bg_intro_weather_copy_
     0000001E  ___bank_bg_lair_hub                bg_lair_hub
     0000001E  ___bank_bg_lair_right_3            bg_lair_right_3
     0000001E  ___bank_bg_lair_right_3_copy_      bg_lair_right_3_copy_
     0000001E  ___bank_bg_lair_right_4_copy_      bg_lair_right_4_copy_
     0000001E  ___bank_bg_lair_right_5            bg_lair_right_5
     0000001E  ___bank_bg_lencity_dhillybuildin   bg_lencity_dhillybuilding_c
     0000001E  ___bank_bg_lencity_dhillybuildin   bg_lencity_dhillybuilding_f
     0000001E  ___bank_bg_lencity_trainstation    bg_lencity_trainstation
     0000001E  ___bank_bg_lencity_trainstation_   bg_lencity_trainstation_cop
     0000001E  ___bank_bg_lencityopen             bg_lencityopen
     0000001E  ___bank_bg_lencityopen_copy_       bg_lencityopen_copy_
     0000001E  ___bank_bg_lencityopen_copy_0      bg_lencityopen_copy_0
     0000001E  ___bank_bg_options_copy_           bg_options_copy_
     0000001E  ___bank_bg_pixil_frame_0_23        bg_pixil_frame_0_23
     0000001E  ___bank_bg_pixil_frame_0_24        bg_pixil_frame_0_24
     0000001E  ___bank_bg_pixil_frame_0_30        bg_pixil_frame_0_30
     0000001E  ___bank_bg_pixil_frame_0_31        bg_pixil_frame_0_31
     0000001E  ___bank_bg_pixil_frame_0_33        bg_pixil_frame_0_33
     0000001E  ___bank_bg_pixil_frame_0_copy_co   bg_pixil_frame_0_copy_copy_
     0000001E  ___bank_bg_pixil_frame_23_0        bg_pixil_frame_23_0
     0000001E  ___bank_bg_placeholder_copy_copy   bg_placeholder_copy_copy_co
     0000001E  ___bank_bg_placeholder_copy_copy   bg_placeholder_copy_copy_co_
     0000001E  ___bank_bg_samsam_copy             bg_samsam_copy
     0000001E  ___bank_bg_shillycity_sara_house   bg_shillycity_sara_house_co
     0000001E  ___bank_bg_shillycityopen_copy_    bg_shillycityopen_copy_
     0000001E  ___bank_bg_shillycityopen_copy_0   bg_shillycityopen_copy_0
     0000001E  ___bank_bg_shillycityopen_copy_1   bg_shillycityopen_copy_1
     0000001E  ___bank_bg_square_frozen_future    bg_square_frozen_future
     0000001E  ___bank_bg_theatre                 bg_theatre
     0000001E  ___bank_bg_title                   bg_title
     0000001E  ___bank_bg_title_copy_             bg_title_copy_
     0000001E  ___bank_bg_title_copy_0            bg_title_copy_0
     0000001E  ___bank_bg_title_copy_1            bg_title_copy_1
[...]
/tmp/_gbsbuild/obj/trigger_58_interact.rel
                                          [ trigger_58_interact ]
/tmp/_gbsbuild/obj/trigger_59_interact.rel
                                          [ trigger_59_interact ]
/tmp/_gbsbuild/obj/scene_18_triggers.rel  [ scene_18_triggers ]
/tmp/_gbsbuild/obj/scene_40_triggers.rel  [ scene_40_triggers ]
/tmp/_gbsbuild/obj/scene_64_triggers.rel  [ scene_64_triggers ]
/tmp/_gbsbuild/obj/scene_71_triggers.rel  [ scene_71_triggers ]
/tmp/_gbsbuild/obj/scene_72_triggers.rel  [ scene_72_triggers ]
/tmp/_gbsbuild/obj/scene_81_triggers.rel  [ scene_81_triggers ]
/tmp/_gbsbuild/obj/scene_84_triggers.rel  [ scene_84_triggers ]
/tmp/_gbsbuild/obj/scene_86_triggers.rel  [ scene_86_triggers ]
/tmp/_gbsbuild/obj/scene_88_triggers.rel  [ scene_88_triggers ]
/tmp/_gbsbuild/obj/trigger_10_interact.rel
                                          [ trigger_10_interact ]
/tmp/_gbsbuild/obj/trigger_8_interact.rel
                                          [ trigger_8_interact ]
/tmp/_gbsbuild/obj/trigger_9_interact.rel
                                          [ trigger_9_interact ]
/tmp/_gbsbuild/obj/scene_17_init.rel      [ scene_17_init ]
/tmp/_gbsbuild/obj/scene_40_init.rel      [ scene_40_init ]
/tmp/_gbsbuild/obj/scene_41_init.rel      [ scene_41_init ]
/tmp/_gbsbuild/obj/scene_42_init.rel      [ scene_42_init ]
/tmp/_gbsbuild/obj/scene_43_init.rel      [ scene_43_init ]
/tmp/_gbsbuild/obj/scene_44_init.rel      [ scene_44_init ]
/tmp/_gbsbuild/obj/scene_48_init.rel      [ scene_48_init ]
/tmp/_gbsbuild/obj/scene_49_init.rel      [ scene_49_init ]
/tmp/_gbsbuild/obj/scene_90_init.rel      [ scene_90_init ]
/tmp/_gbsbuild/obj/scene_70_init.rel      [ scene_70_init ]
/tmp/_gbsbuild/obj/bg_iceos_login_copy__tileset.rel
                                          [ bg_iceos_login_copy__tileset ]
/tmp/_gbsbuild/obj/bg_title_copy_1_tileset.rel
                                          [ bg_title_copy_1_tileset ]
/tmp/_gbsbuild/obj/scene_77_init.rel      [ scene_77_init ]
/tmp/_gbsbuild/obj/scene_86_init.rel      [ scene_86_init ]
/tmp/_gbsbuild/obj/scene_88_init.rel      [ scene_88_init ]
/tmp/_gbsbuild/obj/cursor_image.rel       [ cursor_image ]
/tmp/_gbsbuild/obj/scene_17_triggers.rel  [ scene_17_triggers ]
/tmp/_gbsbuild/obj/scene_30_triggers.rel  [ scene_30_triggers ]
/tmp/_gbsbuild/obj/scene_50_triggers.rel  [ scene_50_triggers ]
/tmp/_gbsbuild/obj/scene_57_triggers.rel  [ scene_57_triggers ]
/tmp/_gbsbuild/obj/scene_58_triggers.rel  [ scene_58_triggers ]
/tmp/_gbsbuild/obj/scene_65_triggers.rel  [ scene_65_triggers ]
/tmp/_gbsbuild/obj/scene_66_triggers.rel  [ scene_66_triggers ]
/tmp/_gbsbuild/obj/scene_80_triggers.rel  [ scene_80_triggers ]
/tmp/_gbsbuild/obj/scene_82_triggers.rel  [ scene_82_triggers ]
/tmp/_gbsbuild/obj/scene_83_triggers.rel  [ scene_83_triggers ]
/tmp/_gbsbuild/obj/scene_90_triggers.rel  [ scene_90_triggers ]
/tmp/_gbsbuild/obj/scene_101_init.rel     [ scene_101_init ]
/tmp/_gbsbuild/obj/scene_102_init.rel     [ scene_102_init ]
/tmp/_gbsbuild/obj/scene_104_init.rel     [ scene_104_init ]
/tmp/_gbsbuild/obj/scene_12_init.rel      [ scene_12_init ]
/tmp/_gbsbuild/obj/scene_13_init.rel      [ scene_13_init ]
/tmp/_gbsbuild/obj/scene_16_init.rel      [ scene_16_init ]
/tmp/_gbsbuild/obj/scene_20_init.rel      [ scene_20_init ]
/tmp/_gbsbuild/obj/scene_28_init.rel      [ scene_28_init ]
/tmp/_gbsbuild/obj/scene_29_init.rel      [ scene_29_init ]
/tmp/_gbsbuild/obj/scene_30_init.rel      [ scene_30_init ]
/tmp/_gbsbuild/obj/scene_31_init.rel      [ scene_31_init ]
/tmp/_gbsbuild/obj/scene_32_init.rel      [ scene_32_init ]
/tmp/_gbsbuild/obj/scene_35_init.rel      [ scene_35_init ]
/tmp/_gbsbuild/obj/scene_37_init.rel      [ scene_37_init ]
/tmp/_gbsbuild/obj/scene_39_init.rel      [ scene_39_init ]
/tmp/_gbsbuild/obj/scene_47_init.rel      [ scene_47_init ]
/tmp/_gbsbuild/obj/scene_53_init.rel      [ scene_53_init ]
/tmp/_gbsbuild/obj/scene_55_init.rel      [ scene_55_init ]
/tmp/_gbsbuild/obj/scene_56_init.rel      [ scene_56_init ]
/tmp/_gbsbuild/obj/scene_57_init.rel      [ scene_57_init ]
/tmp/_gbsbuild/obj/scene_59_init.rel      [ scene_59_init ]
/tmp/_gbsbuild/obj/scene_60_init.rel      [ scene_60_init ]
/tmp/_gbsbuild/obj/scene_63_init.rel      [ scene_63_init ]
/tmp/_gbsbuild/obj/scene_65_init.rel      [ scene_65_init ]
/tmp/_gbsbuild/obj/scene_66_init.rel      [ scene_66_init ]
/tmp/_gbsbuild/obj/scene_67_init.rel      [ scene_67_init ]
/tmp/_gbsbuild/obj/scene_68_init.rel      [ scene_68_init ]
/tmp/_gbsbuild/obj/scene_72_init.rel      [ scene_72_init ]
/tmp/_gbsbuild/obj/scene_73_init.rel      [ scene_73_init ]
/tmp/_gbsbuild/obj/scene_78_init.rel      [ scene_78_init ]
/tmp/_gbsbuild/obj/scene_79_init.rel      [ scene_79_init ]
/tmp/_gbsbuild/obj/scene_80_init.rel      [ scene_80_init ]
/tmp/_gbsbuild/obj/scene_81_init.rel      [ scene_81_init ]
/tmp/_gbsbuild/obj/scene_82_init.rel      [ scene_82_init ]
/tmp/_gbsbuild/obj/scene_83_init.rel      [ scene_83_init ]
/tmp/_gbsbuild/obj/scene_84_init.rel      [ scene_84_init ]
/tmp/_gbsbuild/obj/bg_announcer.rel       [ bg_announcer ]
/tmp/_gbsbuild/obj/bg_area_dhilly_city_lair_la_0.rel
                                          [ bg_area_dhilly_city_lair_la_0 ]
/tmp/_gbsbuild/obj/bg_area_dhilly_city_lair_la_1.rel
                                          [ bg_area_dhilly_city_lair_la_1 ]
/tmp/_gbsbuild/obj/bg_area_dhilly_city_lair_la_2.rel
                                          [ bg_area_dhilly_city_lair_la_2 ]
/tmp/_gbsbuild/obj/bg_area_dhilly_city_lair_la_3.rel
                                          [ bg_area_dhilly_city_lair_la_3 ]
/tmp/_gbsbuild/obj/bg_area_dhilly_city_lair_la_4.rel
                                          [ bg_area_dhilly_city_lair_la_4 ]
/tmp/_gbsbuild/obj/bg_area_dhilly_city_lair_la.rel
                                          [ bg_area_dhilly_city_lair_la ]
/tmp/_gbsbuild/obj/bg_area_len_city_eve_house_.rel
                                          [ bg_area_len_city_eve_house_ ]
/tmp/_gbsbuild/obj/bg_area_len_city_lencity_dh.rel
                                          [ bg_area_len_city_lencity_dh ]
/tmp/_gbsbuild/obj/bg_cave_ladder_copy_.rel
                                          [ bg_cave_ladder_copy_ ]
/tmp/_gbsbuild/obj/bg_cave_ladder_copy_0.rel
                                          [ bg_cave_ladder_copy_0 ]
/tmp/_gbsbuild/obj/bg_chase_shilly.rel    [ bg_chase_shilly ]
/tmp/_gbsbuild/obj/bg_cinema.rel          [ bg_cinema ]
/tmp/_gbsbuild/obj/bg_controls_gb_copy_.rel
                                          [ bg_controls_gb_copy_ ]
/tmp/_gbsbuild/obj/bg_controls_gb_copy_0.rel
                                          [ bg_controls_gb_copy_0 ]
/tmp/_gbsbuild/obj/bg_controls_gba_copy_.rel
                                          [ bg_controls_gba_copy_ ]
/tmp/_gbsbuild/obj/bg_controls_gba_copy_0.rel
                                          [ bg_controls_gba_copy_0 ]
/tmp/_gbsbuild/obj/bg_controls_gbc_copy_.rel
                                          [ bg_controls_gbc_copy_ ]
/tmp/_gbsbuild/obj/bg_controls_mobile_copy_.rel
                                          [ bg_controls_mobile_copy_ ]
/tmp/_gbsbuild/obj/bg_controls_mobile_copy_0.rel
                                          [ bg_controls_mobile_copy_0 ]
/tmp/_gbsbuild/obj/bg_dhilly_bridge.rel   [ bg_dhilly_bridge ]
/tmp/_gbsbuild/obj/bg_dhilly_game_1.rel   [ bg_dhilly_game_1 ]
/tmp/_gbsbuild/obj/bg_dhilly_game_10.rel  [ bg_dhilly_game_10 ]
/tmp/_gbsbuild/obj/bg_dhilly_game_11.rel  [ bg_dhilly_game_11 ]
/tmp/_gbsbuild/obj/bg_dhilly_game_4.rel   [ bg_dhilly_game_4 ]
/tmp/_gbsbuild/obj/bg_dhilly_game_5.rel   [ bg_dhilly_game_5 ]
/tmp/_gbsbuild/obj/bg_dhilly_game_8.rel   [ bg_dhilly_game_8 ]
/tmp/_gbsbuild/obj/bg_dhilly_game_9.rel   [ bg_dhilly_game_9 ]
/tmp/_gbsbuild/obj/bg_dhillyhubdown.rel   [ bg_dhillyhubdown ]
/tmp/_gbsbuild/obj/bg_elevator.rel        [ bg_elevator ]
/tmp/_gbsbuild/obj/bg_endingscene_0.rel   [ bg_endingscene_0 ]
/tmp/_gbsbuild/obj/bg_endingscene.rel     [ bg_endingscene ]
/tmp/_gbsbuild/obj/bg_endingscene2.rel    [ bg_endingscene2 ]
/tmp/_gbsbuild/obj/bg_endingscene3.rel    [ bg_endingscene3 ]
/tmp/_gbsbuild/obj/bg_fall_to_shilly_area_copy.rel
                                          [ bg_fall_to_shilly_area_copy ]
/tmp/_gbsbuild/obj/bg_fieldlazy.rel       [ bg_fieldlazy ]
/tmp/_gbsbuild/obj/bg_iceos_desktop_copy_.rel
                                          [ bg_iceos_desktop_copy_ ]
/tmp/_gbsbuild/obj/bg_iceos_login_2_copy_.rel
                                          [ bg_iceos_login_2_copy_ ]
/tmp/_gbsbuild/obj/bg_iceos_login_copy_.rel
                                          [ bg_iceos_login_copy_ ]
/tmp/_gbsbuild/obj/bg_iceos_platformer2_copy_.rel
                                          [ bg_iceos_platformer2_copy_ ]
/tmp/_gbsbuild/obj/bg_iceos_platformer3_copy_.rel
                                          [ bg_iceos_platformer3_copy_ ]
/tmp/_gbsbuild/obj/bg_iceos_platformer4.rel
                                          [ bg_iceos_platformer4 ]
/tmp/_gbsbuild/obj/bg_init_copy_.rel      [ bg_init_copy_ ]
/tmp/_gbsbuild/obj/bg_init_copy_0.rel     [ bg_init_copy_0 ]
/tmp/_gbsbuild/obj/bg_init_copy_1.rel     [ bg_init_copy_1 ]
/tmp/_gbsbuild/obj/bg_init_copy_2.rel     [ bg_init_copy_2 ]
/tmp/_gbsbuild/obj/bg_intro_scenary_copy_.rel
                                          [ bg_intro_scenary_copy_ ]
/tmp/_gbsbuild/obj/bg_intro_weather_copy_.rel
                                          [ bg_intro_weather_copy_ ]
/tmp/_gbsbuild/obj/bg_lair_hub.rel        [ bg_lair_hub ]
/tmp/_gbsbuild/obj/bg_lair_right_3_copy_.rel
                                          [ bg_lair_right_3_copy_ ]
/tmp/_gbsbuild/obj/bg_lair_right_3.rel    [ bg_lair_right_3 ]
/tmp/_gbsbuild/obj/bg_lair_right_4_copy_.rel
                                          [ bg_lair_right_4_copy_ ]
/tmp/_gbsbuild/obj/bg_lair_right_5.rel    [ bg_lair_right_5 ]
/tmp/_gbsbuild/obj/bg_lencity_dhillybuilding_c.rel
                                          [ bg_lencity_dhillybuilding_c ]
/tmp/_gbsbuild/obj/bg_lencity_dhillybuilding_f.rel
                                          [ bg_lencity_dhillybuilding_f ]
/tmp/_gbsbuild/obj/bg_lencity_trainstation_cop.rel
                                          [ bg_lencity_trainstation_cop ]
/tmp/_gbsbuild/obj/bg_lencity_trainstation.rel
                                          [ bg_lencity_trainstation ]
/tmp/_gbsbuild/obj/bg_lencityopen_copy_.rel
                                          [ bg_lencityopen_copy_ ]
/tmp/_gbsbuild/obj/bg_lencityopen_copy_0.rel
                                          [ bg_lencityopen_copy_0 ]
/tmp/_gbsbuild/obj/bg_lencityopen.rel     [ bg_lencityopen ]
/tmp/_gbsbuild/obj/bg_options_copy_.rel   [ bg_options_copy_ ]
/tmp/_gbsbuild/obj/bg_pixil_frame_0_23.rel
                                          [ bg_pixil_frame_0_23 ]
/tmp/_gbsbuild/obj/bg_pixil_frame_0_24.rel
                                          [ bg_pixil_frame_0_24 ]
/tmp/_gbsbuild/obj/bg_pixil_frame_0_30.rel
                                          [ bg_pixil_frame_0_30 ]
/tmp/_gbsbuild/obj/bg_pixil_frame_0_31.rel
                                          [ bg_pixil_frame_0_31 ]
/tmp/_gbsbuild/obj/bg_pixil_frame_0_33.rel
                                          [ bg_pixil_frame_0_33 ]
/tmp/_gbsbuild/obj/bg_pixil_frame_0_copy_copy_.rel
                                          [ bg_pixil_frame_0_copy_copy_ ]
/tmp/_gbsbuild/obj/bg_pixil_frame_23_0.rel
                                          [ bg_pixil_frame_23_0 ]
/tmp/_gbsbuild/obj/bg_placeholder_copy_copy_co_0.rel
                                          [ bg_placeholder_copy_copy_co_0 ]
/tmp/_gbsbuild/obj/bg_placeholder_copy_copy_co.rel
                                          [ bg_placeholder_copy_copy_co ]
/tmp/_gbsbuild/obj/bg_samsam_copy.rel     [ bg_samsam_copy ]
/tmp/_gbsbuild/obj/bg_shillycity_sara_house_co.rel
                                          [ bg_shillycity_sara_house_co ]
/tmp/_gbsbuild/obj/bg_shillycityopen_copy_.rel
                                          [ bg_shillycityopen_copy_ ]
/tmp/_gbsbuild/obj/bg_shillycityopen_copy_0.rel
                                          [ bg_shillycityopen_copy_0 ]
/tmp/_gbsbuild/obj/bg_shillycityopen_copy_1.rel
                                          [ bg_shillycityopen_copy_1 ]
/tmp/_gbsbuild/obj/bg_square_frozen_future.rel
                                          [ bg_square_frozen_future ]
/tmp/_gbsbuild/obj/bg_theatre.rel         [ bg_theatre ]
/tmp/_gbsbuild/obj/bg_title_copy_.rel     [ bg_title_copy_ ]
/tmp/_gbsbuild/obj/bg_title_copy_0.rel    [ bg_title_copy_0 ]
/tmp/_gbsbuild/obj/bg_title_copy_1.rel    [ bg_title_copy_1 ]
/tmp/_gbsbuild/obj/bg_title_copy_2.rel    [ bg_title_copy_2 ]
/tmp/_gbsbuild/obj/bg_title.rel           [ bg_title ]
/tmp/_gbsbuild/obj/bg_ui_screens_title_copy_.rel
                                          [ bg_ui_screens_title_copy_ ]
/tmp/_gbsbuild/obj/bg_wakeupsquare_1.rel  [ bg_wakeupsquare_1 ]
/tmp/_gbsbuild/obj/bg_wakeupsquare_3_copy_.rel
                                          [ bg_wakeupsquare_3_copy_ ]
/tmp/_gbsbuild/obj/trigger_50_interact.rel
                                          [ trigger_50_interact ]
/tmp/_gbsbuild/obj/logo.rel               [ logo ]
/tmp/_gbsbuild/obj/scene_39_sprites.rel   [ scene_39_sprites ]
/tmp/_gbsbuild/obj/bootstrap.rel          [  ]
/tmp/_gbsbuild/obj/scene_18_sprites.rel   [ scene_18_sprites ]
/tmp/_gbsbuild/obj/scene_93_sprites.rel   [ scene_93_sprites ]
/tmp/_gbsbuild/obj/scene_94_sprites.rel   [ scene_94_sprites ]
/tmp/_gbsbuild/obj/scene_101_triggers.rel
                                          [ scene_101_triggers ]
/tmp/_gbsbuild/obj/scene_102_triggers.rel
                                          [ scene_102_triggers ]
/tmp/_gbsbuild/obj/scene_15_triggers.rel  [ scene_15_triggers ]
/tmp/_gbsbuild/obj/scene_19_triggers.rel  [ scene_19_triggers ]
/tmp/_gbsbuild/obj/scene_20_triggers.rel  [ scene_20_triggers ]
/tmp/_gbsbuild/obj/scene_27_triggers.rel  [ scene_27_triggers ]
/tmp/_gbsbuild/obj/scene_29_triggers.rel  [ scene_29_triggers ]
/tmp/_gbsbuild/obj/scene_32_triggers.rel  [ scene_32_triggers ]
/tmp/_gbsbuild/obj/scene_33_triggers.rel  [ scene_33_triggers ]
/tmp/_gbsbuild/obj/scene_35_triggers.rel  [ scene_35_triggers ]
/tmp/_gbsbuild/obj/scene_42_triggers.rel  [ scene_42_triggers ]
/tmp/_gbsbuild/obj/scene_44_triggers.rel  [ scene_44_triggers ]
/tmp/_gbsbuild/obj/scene_45_triggers.rel  [ scene_45_triggers ]
/tmp/_gbsbuild/obj/scene_46_triggers.rel  [ scene_46_triggers ]
/tmp/_gbsbuild/obj/scene_47_triggers.rel  [ scene_47_triggers ]
/tmp/_gbsbuild/obj/scene_48_triggers.rel  [ scene_48_triggers ]
/tmp/_gbsbuild/obj/scene_51_triggers.rel  [ scene_51_triggers ]
/tmp/_gbsbuild/obj/scene_53_triggers.rel  [ scene_53_triggers ]
/tmp/_gbsbuild/obj/scene_54_triggers.rel  [ scene_54_triggers ]
/tmp/_gbsbuild/obj/scene_55_triggers.rel  [ scene_55_triggers ]
/tmp/_gbsbuild/obj/scene_56_triggers.rel  [ scene_56_triggers ]
/tmp/_gbsbuild/obj/scene_59_triggers.rel  [ scene_59_triggers ]
/tmp/_gbsbuild/obj/scene_60_triggers.rel  [ scene_60_triggers ]
/tmp/_gbsbuild/obj/scene_61_triggers.rel  [ scene_61_triggers ]
/tmp/_gbsbuild/obj/scene_63_triggers.rel  [ scene_63_triggers ]
/tmp/_gbsbuild/obj/scene_67_triggers.rel  [ scene_67_triggers ]
/tmp/_gbsbuild/obj/scene_68_triggers.rel  [ scene_68_triggers ]
/tmp/_gbsbuild/obj/scene_70_triggers.rel  [ scene_70_triggers ]
/tmp/_gbsbuild/obj/scene_75_triggers.rel  [ scene_75_triggers ]
/tmp/_gbsbuild/obj/scene_76_triggers.rel  [ scene_76_triggers ]
/tmp/_gbsbuild/obj/scene_77_triggers.rel  [ scene_77_triggers ]
/tmp/_gbsbuild/obj/scene_78_triggers.rel  [ scene_78_triggers ]
/tmp/_gbsbuild/obj/scene_79_triggers.rel  [ scene_79_triggers ]
/tmp/_gbsbuild/obj/scene_89_triggers.rel  [ scene_89_triggers ]
/tmp/_gbsbuild/obj/scene_91_triggers.rel  [ scene_91_triggers ]
/tmp/_gbsbuild/obj/scene_93_triggers.rel  [ scene_93_triggers ]
/tmp/_gbsbuild/obj/scene_22_sprites.rel   [ scene_22_sprites ]
/tmp/_gbsbuild/obj/scene_34_sprites.rel   [ scene_34_sprites ]
/tmp/_gbsbuild/obj/scene_45_sprites.rel   [ scene_45_sprites ]
/tmp/_gbsbuild/obj/scene_46_sprites.rel   [ scene_46_sprites ]
/tmp/_gbsbuild/obj/scene_48_sprites.rel   [ scene_48_sprites ]
/tmp/_gbsbuild/obj/scene_49_sprites.rel   [ scene_49_sprites ]
/tmp/_gbsbuild/obj/scene_50_sprites.rel   [ scene_50_sprites ]
/tmp/_gbsbuild/obj/scene_52_sprites.rel   [ scene_52_sprites ]
/tmp/_gbsbuild/obj/scene_53_sprites.rel   [ scene_53_sprites ]
/tmp/_gbsbuild/obj/scene_54_sprites.rel   [ scene_54_sprites ]
/tmp/_gbsbuild/obj/scene_91_sprites.rel   [ scene_91_sprites ]
/tmp/_gbsbuild/obj/scene_99_sprites.rel   [ scene_99_sprites ]
/tmp/_gbsbuild/obj/scene_101_sprites.rel  [ scene_101_sprites ]
/tmp/_gbsbuild/obj/scene_102_sprites.rel  [ scene_102_sprites ]
/tmp/_gbsbuild/obj/scene_17_sprites.rel   [ scene_17_sprites ]
/tmp/_gbsbuild/obj/scene_20_sprites.rel   [ scene_20_sprites ]
/tmp/_gbsbuild/obj/scene_3_sprites.rel    [ scene_3_sprites ]
/tmp/_gbsbuild/obj/scene_33_sprites.rel   [ scene_33_sprites ]
/tmp/_gbsbuild/obj/scene_37_sprites.rel   [ scene_37_sprites ]
/tmp/_gbsbuild/obj/scene_51_sprites.rel   [ scene_51_sprites ]
/tmp/_gbsbuild/obj/scene_58_sprites.rel   [ scene_58_sprites ]
/tmp/_gbsbuild/obj/scene_60_sprites.rel   [ scene_60_sprites ]
/tmp/_gbsbuild/obj/scene_61_sprites.rel   [ scene_61_sprites ]
/tmp/_gbsbuild/obj/scene_64_sprites.rel   [ scene_64_sprites ]
/tmp/_gbsbuild/obj/scene_71_sprites.rel   [ scene_71_sprites ]
/tmp/_gbsbuild/obj/scene_73_sprites.rel   [ scene_73_sprites ]
/tmp/_gbsbuild/obj/scene_76_sprites.rel   [ scene_76_sprites ]
/tmp/_gbsbuild/obj/scene_86_sprites.rel   [ scene_86_sprites ]
/tmp/_gbsbuild/obj/scene_90_sprites.rel   [ scene_90_sprites ]
/tmp/_gbsbuild/obj/scene_92_sprites.rel   [ scene_92_sprites ]
/tmp/_gbsbuild/obj/script_input_6.rel     [ script_input_6 ]


Libraries Linked                          [ object file ]

/tmp/_gbstools/gbdk/lib/gb/gb.lib         [ fill_rect_wi.o ]
/tmp/_gbstools/gbdk/lib/sm83/sm83.lib     [ div.o ]
/tmp/_gbstools/gbdk/lib/sm83/sm83.lib     [ rand.o ]
lib/hUGEDriver.lib                        [ hUGEDriver.o ]
/tmp/_gbstools/gbdk/lib/gb/gb.lib         [ sfr.o ]
/tmp/_gbstools/gbdk/lib/gb/gb.lib         [ get_data.o ]
/tmp/_gbstools/gbdk/lib/gb/gb.lib         [ get_tile.o ]
/tmp/_gbstools/gbdk/lib/gb/gb.lib         [ cgb_palettes.o ]
/tmp/_gbstools/gbdk/lib/gb/gb.lib         [ metasprites_hide_spr.o ]
/tmp/_gbstools/gbdk/lib/sm83/sm83.lib     [ mul.o ]
/tmp/_gbstools/gbdk/lib/gb/gb.lib         [ set_tile.o ]
/tmp/_gbstools/gbdk/lib/sm83/sm83.lib     [ abs.o ]
/tmp/_gbstools/gbdk/lib/gb/gb.lib         [ set_wi_t.o ]
/tmp/_gbstools/gbdk/lib/gb/gb.lib         [ set_data.o ]
/tmp/_gbstools/gbdk/lib/sm83/sm83.lib     [ reverse.o ]
/tmp/_gbstools/gbdk/lib/gb/gb.lib         [ far_ptr.o ]
/tmp/_gbstools/gbdk/lib/gb/gb.lib         [ lcd.o ]
/tmp/_gbstools/gbdk/lib/gb/gb.lib         [ sgb.o ]
/tmp/_gbstools/gbdk/lib/gb/gb.lib         [ fill_rect.o ]
/tmp/_gbstools/gbdk/lib/gb/gb.lib         [ pad_ex.o ]
/tmp/_gbstools/gbdk/lib/gb/gb.lib         [ cpy_data.o ]
/tmp/_gbstools/gbdk/lib/gb/gb.lib         [ fill_rect_bk.o ]
/tmp/_gbstools/gbdk/lib/gb/gb.lib         [ metasprites.o ]
/tmp/_gbstools/gbdk/lib/sm83/sm83.lib     [ memcpy.o ]
/tmp/_gbstools/gbdk/lib/sm83/sm83.lib     [ __sdcc_call_hl.o ]
/tmp/_gbstools/gbdk/lib/sm83/sm83.lib     [ _memset.o ]
/tmp/_gbstools/gbdk/lib/gb/gb.lib         [ set_xy_t.o ]
/tmp/_gbstools/gbdk/lib/gb/gb.lib         [ ___sdcc_bcall_ehl.o ]
/tmp/_gbstools/gbdk/lib/gb/gb.lib         [ cgb.o ]
/tmp/_gbstools/gbdk/lib/gb/gb.lib         [ set_bk_t.o ]

ASxxxx Linker V03.00/V05.40 + sdld,  page 159.

User Base Address Definitions

_DATA=0xC0A0
_CODE=0x0200
_HRAM=0xFF80
ASxxxx Linker V03.00/V05.40 + sdld,  page 160.

User Global Definitions

.STACK=0xDF00
__start_save=0
_shadow_OAM=0xC000

